Archive member included to satisfy reference by file (symbol)

c:/progra~2/gnutoo~1/82019-~1/bin/../lib/gcc/arm-none-eabi/8.3.1/thumb/v7e-m/nofp\libgcc.a(_arm_addsubdf3.o)
                              CMakeFiles/NOSS.elf.dir/Src/mpu6050.c.obj (__aeabi_dsub)
c:/progra~2/gnutoo~1/82019-~1/bin/../lib/gcc/arm-none-eabi/8.3.1/thumb/v7e-m/nofp\libgcc.a(_arm_muldivdf3.o)
                              CMakeFiles/NOSS.elf.dir/Src/mpu6050.c.obj (__aeabi_dmul)
c:/progra~2/gnutoo~1/82019-~1/bin/../lib/gcc/arm-none-eabi/8.3.1/thumb/v7e-m/nofp\libgcc.a(_arm_cmpdf2.o)
                              CMakeFiles/NOSS.elf.dir/Src/mpu6050.c.obj (__aeabi_dcmpeq)
c:/progra~2/gnutoo~1/82019-~1/bin/../lib/gcc/arm-none-eabi/8.3.1/thumb/v7e-m/nofp\libgcc.a(_arm_fixdfsi.o)
                              CMakeFiles/NOSS.elf.dir/Src/main.c.obj (__aeabi_d2iz)
c:/progra~2/gnutoo~1/82019-~1/bin/../lib/gcc/arm-none-eabi/8.3.1/thumb/v7e-m/nofp\libgcc.a(_arm_addsubsf3.o)
                              CMakeFiles/NOSS.elf.dir/Src/main.c.obj (__aeabi_fadd)
c:/progra~2/gnutoo~1/82019-~1/bin/../lib/gcc/arm-none-eabi/8.3.1/thumb/v7e-m/nofp\libgcc.a(_arm_muldivsf3.o)
                              CMakeFiles/NOSS.elf.dir/Src/main.c.obj (__aeabi_fmul)
c:/progra~2/gnutoo~1/82019-~1/bin/../lib/gcc/arm-none-eabi/8.3.1/thumb/v7e-m/nofp\libgcc.a(_arm_fixsfsi.o)
                              CMakeFiles/NOSS.elf.dir/Src/main.c.obj (__aeabi_f2iz)
c:/progra~2/gnutoo~1/82019-~1/bin/../lib/gcc/arm-none-eabi/8.3.1/../../../../arm-none-eabi/lib/thumb/v7e-m/nofp\libg_nano.a(lib_a-errno.o)
                              CMakeFiles/NOSS.elf.dir/Src/syscalls.c.obj (__errno)
c:/progra~2/gnutoo~1/82019-~1/bin/../lib/gcc/arm-none-eabi/8.3.1/../../../../arm-none-eabi/lib/thumb/v7e-m/nofp\libg_nano.a(lib_a-exit.o)
                              c:/progra~2/gnutoo~1/82019-~1/bin/../lib/gcc/arm-none-eabi/8.3.1/../../../../arm-none-eabi/lib/thumb/v7e-m/nofp/crt0.o (exit)
c:/progra~2/gnutoo~1/82019-~1/bin/../lib/gcc/arm-none-eabi/8.3.1/../../../../arm-none-eabi/lib/thumb/v7e-m/nofp\libg_nano.a(lib_a-impure.o)
                              c:/progra~2/gnutoo~1/82019-~1/bin/../lib/gcc/arm-none-eabi/8.3.1/../../../../arm-none-eabi/lib/thumb/v7e-m/nofp\libg_nano.a(lib_a-exit.o) (_global_impure_ptr)
c:/progra~2/gnutoo~1/82019-~1/bin/../lib/gcc/arm-none-eabi/8.3.1/../../../../arm-none-eabi/lib/thumb/v7e-m/nofp\libg_nano.a(lib_a-init.o)
                              c:/progra~2/gnutoo~1/82019-~1/bin/../lib/gcc/arm-none-eabi/8.3.1/../../../../arm-none-eabi/lib/thumb/v7e-m/nofp/crt0.o (__libc_init_array)
c:/progra~2/gnutoo~1/82019-~1/bin/../lib/gcc/arm-none-eabi/8.3.1/../../../../arm-none-eabi/lib/thumb/v7e-m/nofp\libg_nano.a(lib_a-memset.o)
                              c:/progra~2/gnutoo~1/82019-~1/bin/../lib/gcc/arm-none-eabi/8.3.1/../../../../arm-none-eabi/lib/thumb/v7e-m/nofp/crt0.o (memset)
c:/progra~2/gnutoo~1/82019-~1/bin/../lib/gcc/arm-none-eabi/8.3.1/../../../../arm-none-eabi/lib/thumb/v7e-m/nofp\libg_nano.a(lib_a-sprintf.o)
                              CMakeFiles/NOSS.elf.dir/Src/main.c.obj (sprintf)
c:/progra~2/gnutoo~1/82019-~1/bin/../lib/gcc/arm-none-eabi/8.3.1/../../../../arm-none-eabi/lib/thumb/v7e-m/nofp\libg_nano.a(lib_a-nano-svfprintf.o)
                              c:/progra~2/gnutoo~1/82019-~1/bin/../lib/gcc/arm-none-eabi/8.3.1/../../../../arm-none-eabi/lib/thumb/v7e-m/nofp\libg_nano.a(lib_a-sprintf.o) (_svfprintf_r)
c:/progra~2/gnutoo~1/82019-~1/bin/../lib/gcc/arm-none-eabi/8.3.1/../../../../arm-none-eabi/lib/thumb/v7e-m/nofp\libg_nano.a(lib_a-nano-vfprintf_i.o)
                              c:/progra~2/gnutoo~1/82019-~1/bin/../lib/gcc/arm-none-eabi/8.3.1/../../../../arm-none-eabi/lib/thumb/v7e-m/nofp\libg_nano.a(lib_a-nano-svfprintf.o) (_printf_i)
c:/progra~2/gnutoo~1/82019-~1/bin/../lib/gcc/arm-none-eabi/8.3.1/../../../../arm-none-eabi/lib/thumb/v7e-m/nofp\libg_nano.a(lib_a-memchr.o)
                              c:/progra~2/gnutoo~1/82019-~1/bin/../lib/gcc/arm-none-eabi/8.3.1/../../../../arm-none-eabi/lib/thumb/v7e-m/nofp\libg_nano.a(lib_a-nano-svfprintf.o) (memchr)
c:/progra~2/gnutoo~1/82019-~1/bin/../lib/gcc/arm-none-eabi/8.3.1/../../../../arm-none-eabi/lib/thumb/v7e-m/nofp\libg_nano.a(lib_a-memcpy-stub.o)
                              c:/progra~2/gnutoo~1/82019-~1/bin/../lib/gcc/arm-none-eabi/8.3.1/../../../../arm-none-eabi/lib/thumb/v7e-m/nofp\libg_nano.a(lib_a-nano-svfprintf.o) (memcpy)
c:/progra~2/gnutoo~1/82019-~1/bin/../lib/gcc/arm-none-eabi/8.3.1/../../../../arm-none-eabi/lib/thumb/v7e-m/nofp\libg_nano.a(lib_a-memmove.o)
                              c:/progra~2/gnutoo~1/82019-~1/bin/../lib/gcc/arm-none-eabi/8.3.1/../../../../arm-none-eabi/lib/thumb/v7e-m/nofp\libg_nano.a(lib_a-nano-svfprintf.o) (memmove)
c:/progra~2/gnutoo~1/82019-~1/bin/../lib/gcc/arm-none-eabi/8.3.1/../../../../arm-none-eabi/lib/thumb/v7e-m/nofp\libg_nano.a(lib_a-nano-freer.o)
[...]
Memory Configuration

Name             Origin             Length             Attributes
RAM              0x20000000         0x00010000         xrw
CCMRAM           0x10000000         0x00004000         xrw
FLASH            0x08000000         0x00080000         xr
*default*        0x00000000         0xffffffff

Linker script and memory map

LOAD c:/progra~2/gnutoo~1/82019-~1/bin/../lib/gcc/arm-none-eabi/8.3.1/thumb/v7e-m/nofp/crti.o
LOAD c:/progra~2/gnutoo~1/82019-~1/bin/../lib/gcc/arm-none-eabi/8.3.1/thumb/v7e-m/nofp/crtbegin.o
LOAD c:/progra~2/gnutoo~1/82019-~1/bin/../lib/gcc/arm-none-eabi/8.3.1/../../../../arm-none-eabi/lib/thumb/v7e-m/nofp/crt0.o
LOAD CMakeFiles/NOSS.elf.dir/Drivers/STM32F3xx_HAL_Driver/Src/stm32f3xx_hal.c.obj
LOAD CMakeFiles/NOSS.elf.dir/Drivers/STM32F3xx_HAL_Driver/Src/stm32f3xx_hal_cortex.c.obj
LOAD CMakeFiles/NOSS.elf.dir/Drivers/STM32F3xx_HAL_Driver/Src/stm32f3xx_hal_dma.c.obj
LOAD CMakeFiles/NOSS.elf.dir/Drivers/STM32F3xx_HAL_Driver/Src/stm32f3xx_hal_exti.c.obj
LOAD CMakeFiles/NOSS.elf.dir/Drivers/STM32F3xx_HAL_Driver/Src/stm32f3xx_hal_flash.c.obj
LOAD CMakeFiles/NOSS.elf.dir/Drivers/STM32F3xx_HAL_Driver/Src/stm32f3xx_hal_flash_ex.c.obj
LOAD CMakeFiles/NOSS.elf.dir/Drivers/STM32F3xx_HAL_Driver/Src/stm32f3xx_hal_gpio.c.obj
LOAD CMakeFiles/NOSS.elf.dir/Drivers/STM32F3xx_HAL_Driver/Src/stm32f3xx_hal_i2c.c.obj
LOAD CMakeFiles/NOSS.elf.dir/Drivers/STM32F3xx_HAL_Driver/Src/stm32f3xx_hal_i2c_ex.c.obj
LOAD CMakeFiles/NOSS.elf.dir/Drivers/STM32F3xx_HAL_Driver/Src/stm32f3xx_hal_pwr.c.obj
LOAD CMakeFiles/NOSS.elf.dir/Drivers/STM32F3xx_HAL_Driver/Src/stm32f3xx_hal_pwr_ex.c.obj
LOAD CMakeFiles/NOSS.elf.dir/Drivers/STM32F3xx_HAL_Driver/Src/stm32f3xx_hal_rcc.c.obj
LOAD CMakeFiles/NOSS.elf.dir/Drivers/STM32F3xx_HAL_Driver/Src/stm32f3xx_hal_rcc_ex.c.obj
LOAD CMakeFiles/NOSS.elf.dir/Drivers/STM32F3xx_HAL_Driver/Src/stm32f3xx_hal_tim.c.obj
LOAD CMakeFiles/NOSS.elf.dir/Drivers/STM32F3xx_HAL_Driver/Src/stm32f3xx_hal_tim_ex.c.obj
LOAD CMakeFiles/NOSS.elf.dir/Drivers/STM32F3xx_HAL_Driver/Src/stm32f3xx_hal_uart.c.obj
LOAD CMakeFiles/NOSS.elf.dir/Drivers/STM32F3xx_HAL_Driver/Src/stm32f3xx_hal_uart_ex.c.obj
LOAD CMakeFiles/NOSS.elf.dir/Src/gpio.c.obj
LOAD CMakeFiles/NOSS.elf.dir/Src/i2c.c.obj
LOAD CMakeFiles/NOSS.elf.dir/Src/main.c.obj
LOAD CMakeFiles/NOSS.elf.dir/Src/mpu6050.c.obj
LOAD CMakeFiles/NOSS.elf.dir/Src/stepper.c.obj
LOAD CMakeFiles/NOSS.elf.dir/Src/stm32f3xx_hal_msp.c.obj
LOAD CMakeFiles/NOSS.elf.dir/Src/stm32f3xx_it.c.obj
LOAD CMakeFiles/NOSS.elf.dir/Src/syscalls.c.obj
LOAD CMakeFiles/NOSS.elf.dir/Src/system_stm32f3xx.c.obj
LOAD CMakeFiles/NOSS.elf.dir/Src/tim.c.obj
LOAD CMakeFiles/NOSS.elf.dir/Src/usart.c.obj
LOAD CMakeFiles/NOSS.elf.dir/startup/startup_stm32f303xe.s.obj
START GROUP
LOAD c:/progra~2/gnutoo~1/82019-~1/bin/../lib/gcc/arm-none-eabi/8.3.1/thumb/v7e-m/nofp\libgcc.a
LOAD c:/progra~2/gnutoo~1/82019-~1/bin/../lib/gcc/arm-none-eabi/8.3.1/../../../../arm-none-eabi/lib/thumb/v7e-m/nofp\libg_nano.a
LOAD c:/progra~2/gnutoo~1/82019-~1/bin/../lib/gcc/arm-none-eabi/8.3.1/../../../../arm-none-eabi/lib/thumb/v7e-m/nofp\libc_nano.a
END GROUP
START GROUP
LOAD c:/progra~2/gnutoo~1/82019-~1/bin/../lib/gcc/arm-none-eabi/8.3.1/thumb/v7e-m/nofp\libgcc.a
LOAD c:/progra~2/gnutoo~1/82019-~1/bin/../lib/gcc/arm-none-eabi/8.3.1/../../../../arm-none-eabi/lib/thumb/v7e-m/nofp\libc_nano.a
LOAD c:/progra~2/gnutoo~1/82019-~1/bin/../lib/gcc/arm-none-eabi/8.3.1/../../../../arm-none-eabi/lib/thumb/v7e-m/nofp\libnosys.a
END GROUP
START GROUP
LOAD c:/progra~2/gnutoo~1/82019-~1/bin/../lib/gcc/arm-none-eabi/8.3.1/thumb/v7e-m/nofp\libgcc.a
LOAD c:/progra~2/gnutoo~1/82019-~1/bin/../lib/gcc/arm-none-eabi/8.3.1/../../../../arm-none-eabi/lib/thumb/v7e-m/nofp\libc_nano.a
LOAD c:/progra~2/gnutoo~1/82019-~1/bin/../lib/gcc/arm-none-eabi/8.3.1/../../../../arm-none-eabi/lib/thumb/v7e-m/nofp\libnosys.a
END GROUP
LOAD c:/progra~2/gnutoo~1/82019-~1/bin/../lib/gcc/arm-none-eabi/8.3.1/thumb/v7e-m/nofp/crtend.o
LOAD c:/progra~2/gnutoo~1/82019-~1/bin/../lib/gcc/arm-none-eabi/8.3.1/thumb/v7e-m/nofp/crtn.o
                0x20010000                _estack = 0x20010000
                0x00000200                _Min_Heap_Size = 0x200
                0x00000400                _Min_Stack_Size = 0x400

.isr_vector     0x08000000      0x194
                0x08000000                . = ALIGN (0x4)
 *(.isr_vector)
 .isr_vector    0x08000000      0x194 CMakeFiles/NOSS.elf.dir/startup/startup_stm32f303xe.s.obj
                0x08000000                g_pfnVectors
                0x08000194                . = ALIGN (0x4)

.text           0x080001a0     0x6660
                0x080001a0                . = ALIGN (0x4)
 *(.text)
 .text          0x080001a0       0x40 c:/progra~2/gnutoo~1/82019-~1/bin/../lib/gcc/arm-none-eabi/8.3.1/thumb/v7e-m/nofp/crtbegin.o
 .text          0x080001e0      0x378 c:/progra~2/gnutoo~1/82019-~1/bin/../lib/gcc/arm-none-eabi/8.3.1/thumb/v7e-m/nofp\libgcc.a(_arm_addsubdf3.o)
                0x080001e0                __aeabi_drsub
                0x080001e8                __aeabi_dsub
                0x080001e8                __subdf3
                0x080001ec                __aeabi_dadd
                0x080001ec                __adddf3
                0x08000464                __floatunsidf
                0x08000464                __aeabi_ui2d
                0x08000484                __floatsidf
                0x08000484                __aeabi_i2d
                0x080004a8                __aeabi_f2d
                0x080004a8                __extendsfdf2
                0x080004ec                __floatundidf
                0x080004ec                __aeabi_ul2d
                0x080004fc                __floatdidf
                0x080004fc                __aeabi_l2d
 .text          0x08000558      0x424 c:/progra~2/gnutoo~1/82019-~1/bin/../lib/gcc/arm-none-eabi/8.3.1/thumb/v7e-m/nofp\libgcc.a(_arm_muldivdf3.o)
                0x08000558                __aeabi_dmul
                0x08000558                __muldf3
                0x080007ac                __divdf3
                0x080007ac                __aeabi_ddiv
 .text          0x0800097c      0x110 c:/progra~2/gnutoo~1/82019-~1/bin/../lib/gcc/arm-none-eabi/8.3.1/thumb/v7e-m/nofp\libgcc.a(_arm_cmpdf2.o)
                0x0800097c                __gtdf2
                0x0800097c                __gedf2
                0x08000984                __ltdf2
                0x08000984                __ledf2
                0x0800098c                __nedf2
                0x0800098c                __eqdf2
                0x0800098c                __cmpdf2
                0x08000a08                __aeabi_cdrcmple
                0x08000a18                __aeabi_cdcmpeq
                0x08000a18                __aeabi_cdcmple
                0x08000a28                __aeabi_dcmpeq
                0x08000a3c                __aeabi_dcmplt
                0x08000a50                __aeabi_dcmple
                0x08000a64                __aeabi_dcmpge
                0x08000a78                __aeabi_dcmpgt
 .text          0x08000a8c       0x50 c:/progra~2/gnutoo~1/82019-~1/bin/../lib/gcc/arm-none-eabi/8.3.1/thumb/v7e-m/nofp\libgcc.a(_arm_fixdfsi.o)
                0x08000a8c                __aeabi_d2iz
                0x08000a8c                __fixdfsi
 .text          0x08000adc      0x21c c:/progra~2/gnutoo~1/82019-~1/bin/../lib/gcc/arm-none-eabi/8.3.1/thumb/v7e-m/nofp\libgcc.a(_arm_addsubsf3.o)
                0x08000adc                __aeabi_frsub
                0x08000ae4                __subsf3
                0x08000ae4                __aeabi_fsub
                0x08000ae8                __aeabi_fadd
                0x08000ae8                __addsf3
                0x08000c48                __aeabi_ui2f
                0x08000c48                __floatunsisf
                0x08000c50                __aeabi_i2f
                0x08000c50                __floatsisf
                0x08000c6c                __aeabi_ul2f
                0x08000c6c                __floatundisf
                0x08000c7c                __aeabi_l2f
                0x08000c7c                __floatdisf
 .text          0x08000cf8      0x2a0 c:/progra~2/gnutoo~1/82019-~1/bin/../lib/gcc/arm-none-eabi/8.3.1/thumb/v7e-m/nofp\libgcc.a(_arm_muldivsf3.o)
                0x08000cf8                __mulsf3
                0x08000cf8                __aeabi_fmul
                0x08000e60                __aeabi_fdiv
                0x08000e60                __divsf3
 .text          0x08000f98       0x4c c:/progra~2/gnutoo~1/82019-~1/bin/../lib/gcc/arm-none-eabi/8.3.1/thumb/v7e-m/nofp\libgcc.a(_arm_fixsfsi.o)
                0x08000f98                __aeabi_f2iz
                0x08000f98                __fixsfsi
 *fill*         0x08000fe4        0xc 
 .text          0x08000ff0       0xa0 c:/progra~2/gnutoo~1/82019-~1/bin/../lib/gcc/arm-none-eabi/8.3.1/../../../../arm-none-eabi/lib/thumb/v7e-m/nofp\libg_nano.a(lib_a-memchr.o)
                0x08000ff0                memchr
 .text          0x08001090       0x2c c:/progra~2/gnutoo~1/82019-~1/bin/../lib/gcc/arm-none-eabi/8.3.1/thumb/v7e-m/nofp\libgcc.a(_arm_unorddf2.o)
                0x08001090                __unorddf2
                0x08001090                __aeabi_dcmpun
 *(.text*)
 .text.HAL_Init
                0x080010bc       0x2c CMakeFiles/NOSS.elf.dir/Drivers/STM32F3xx_HAL_Driver/Src/stm32f3xx_hal.c.obj
                0x080010bc                HAL_Init
 .text.HAL_InitTick
                0x080010e8       0x60 CMakeFiles/NOSS.elf.dir/Drivers/STM32F3xx_HAL_Driver/Src/stm32f3xx_hal.c.obj
                0x080010e8                HAL_InitTick
 .text.HAL_IncTick
                0x08001148       0x24 CMakeFiles/NOSS.elf.dir/Drivers/STM32F3xx_HAL_Driver/Src/stm32f3xx_hal.c.obj
                0x08001148                HAL_IncTick
 .text.HAL_GetTick
                0x0800116c       0x14 CMakeFiles/NOSS.elf.dir/Drivers/STM32F3xx_HAL_Driver/Src/stm32f3xx_hal.c.obj
                0x0800116c                HAL_GetTick
 .text.HAL_Delay
                0x08001180       0x44 CMakeFiles/NOSS.elf.dir/Drivers/STM32F3xx_HAL_Driver/Src/stm32f3xx_hal.c.obj
                0x08001180                HAL_Delay
 .text.__NVIC_SetPriorityGrouping
                0x080011c4       0x48 CMakeFiles/NOSS.elf.dir/Drivers/STM32F3xx_HAL_Driver/Src/stm32f3xx_hal_cortex.c.obj
 .text.__NVIC_GetPriorityGrouping
                0x0800120c       0x1c CMakeFiles/NOSS.elf.dir/Drivers/STM32F3xx_HAL_Driver/Src/stm32f3xx_hal_cortex.c.obj
 .text.__NVIC_SetPriority
                0x08001228       0x54 CMakeFiles/NOSS.elf.dir/Drivers/STM32F3xx_HAL_Driver/Src/stm32f3xx_hal_cortex.c.obj
 .text.NVIC_EncodePriority
                0x0800127c       0x64 CMakeFiles/NOSS.elf.dir/Drivers/STM32F3xx_HAL_Driver/Src/stm32f3xx_hal_cortex.c.obj
 .text.SysTick_Config
                0x080012e0       0x44 CMakeFiles/NOSS.elf.dir/Drivers/STM32F3xx_HAL_Driver/Src/stm32f3xx_hal_cortex.c.obj
 .text.HAL_NVIC_SetPriorityGrouping
                0x08001324       0x16 CMakeFiles/NOSS.elf.dir/Drivers/STM32F3xx_HAL_Driver/Src/stm32f3xx_hal_cortex.c.obj
                0x08001324                HAL_NVIC_SetPriorityGrouping
 .text.HAL_NVIC_SetPriority
                0x0800133a       0x38 CMakeFiles/NOSS.elf.dir/Drivers/STM32F3xx_HAL_Driver/Src/stm32f3xx_hal_cortex.c.obj
                0x0800133a                HAL_NVIC_SetPriority
 .text.HAL_SYSTICK_Config
                0x08001372       0x18 CMakeFiles/NOSS.elf.dir/Drivers/STM32F3xx_HAL_Driver/Src/stm32f3xx_hal_cortex.c.obj
                0x08001372                HAL_SYSTICK_Config
 *fill*         0x0800138a        0x2 
 .text.HAL_GPIO_Init
                0x0800138c      0x310 CMakeFiles/NOSS.elf.dir/Drivers/STM32F3xx_HAL_Driver/Src/stm32f3xx_hal_gpio.c.obj
                0x0800138c                HAL_GPIO_Init
 .text.HAL_GPIO_WritePin
                0x0800169c       0x2e CMakeFiles/NOSS.elf.dir/Drivers/STM32F3xx_HAL_Driver/Src/stm32f3xx_hal_gpio.c.obj
                0x0800169c                HAL_GPIO_WritePin
 .text.HAL_I2C_Init
                0x080016ca      0x11e CMakeFiles/NOSS.elf.dir/Drivers/STM32F3xx_HAL_Driver/Src/stm32f3xx_hal_i2c.c.obj
                0x080016ca                HAL_I2C_Init
 .text.HAL_I2C_Mem_Write
                0x080017e8      0x228 CMakeFiles/NOSS.elf.dir/Drivers/STM32F3xx_HAL_Driver/Src/stm32f3xx_hal_i2c.c.obj
                0x080017e8                HAL_I2C_Mem_Write
 .text.HAL_I2C_Mem_Read
                0x08001a10      0x234 CMakeFiles/NOSS.elf.dir/Drivers/STM32F3xx_HAL_Driver/Src/stm32f3xx_hal_i2c.c.obj
                0x08001a10                HAL_I2C_Mem_Read
 .text.I2C_RequestMemoryWrite
                0x08001c44       0xa8 CMakeFiles/NOSS.elf.dir/Drivers/STM32F3xx_HAL_Driver/Src/stm32f3xx_hal_i2c.c.obj
 .text.I2C_RequestMemoryRead
                0x08001cec       0xa8 CMakeFiles/NOSS.elf.dir/Drivers/STM32F3xx_HAL_Driver/Src/stm32f3xx_hal_i2c.c.obj
 .text.I2C_Flush_TXDR
                0x08001d94       0x46 CMakeFiles/NOSS.elf.dir/Drivers/STM32F3xx_HAL_Driver/Src/stm32f3xx_hal_i2c.c.obj
 .text.I2C_WaitOnFlagUntilTimeout
                0x08001dda       0x80 CMakeFiles/NOSS.elf.dir/Drivers/STM32F3xx_HAL_Driver/Src/stm32f3xx_hal_i2c.c.obj
 .text.I2C_WaitOnTXISFlagUntilTimeout
                0x08001e5a       0x80 CMakeFiles/NOSS.elf.dir/Drivers/STM32F3xx_HAL_Driver/Src/stm32f3xx_hal_i2c.c.obj
 .text.I2C_WaitOnSTOPFlagUntilTimeout
                0x08001eda       0x78 CMakeFiles/NOSS.elf.dir/Drivers/STM32F3xx_HAL_Driver/Src/stm32f3xx_hal_i2c.c.obj
 *fill*         0x08001f52        0x2 
 .text.I2C_IsAcknowledgeFailed
                0x08001f54       0xcc CMakeFiles/NOSS.elf.dir/Drivers/STM32F3xx_HAL_Driver/Src/stm32f3xx_hal_i2c.c.obj
 .text.I2C_TransferConfig
                0x08002020       0x58 CMakeFiles/NOSS.elf.dir/Drivers/STM32F3xx_HAL_Driver/Src/stm32f3xx_hal_i2c.c.obj
 .text.HAL_I2CEx_ConfigAnalogFilter
                0x08002078       0x94 CMakeFiles/NOSS.elf.dir/Drivers/STM32F3xx_HAL_Driver/Src/stm32f3xx_hal_i2c_ex.c.obj
                0x08002078                HAL_I2CEx_ConfigAnalogFilter
 .text.HAL_I2CEx_ConfigDigitalFilter
                0x0800210c       0x96 CMakeFiles/NOSS.elf.dir/Drivers/STM32F3xx_HAL_Driver/Src/stm32f3xx_hal_i2c_ex.c.obj
                0x0800210c                HAL_I2CEx_ConfigDigitalFilter
 *fill*         0x080021a2        0x2 
 .text.HAL_RCC_OscConfig
                0x080021a4      0xe2c CMakeFiles/NOSS.elf.dir/Drivers/STM32F3xx_HAL_Driver/Src/stm32f3xx_hal_rcc.c.obj
                0x080021a4                HAL_RCC_OscConfig
 .text.HAL_RCC_ClockConfig
                0x08002fd0      0x2f8 CMakeFiles/NOSS.elf.dir/Drivers/STM32F3xx_HAL_Driver/Src/stm32f3xx_hal_rcc.c.obj
                0x08002fd0                HAL_RCC_ClockConfig
 .text.HAL_RCC_GetSysClockFreq
                0x080032c8       0xd4 CMakeFiles/NOSS.elf.dir/Drivers/STM32F3xx_HAL_Driver/Src/stm32f3xx_hal_rcc.c.obj
                0x080032c8                HAL_RCC_GetSysClockFreq
 .text.HAL_RCC_GetHCLKFreq
                0x0800339c       0x14 CMakeFiles/NOSS.elf.dir/Drivers/STM32F3xx_HAL_Driver/Src/stm32f3xx_hal_rcc.c.obj
                0x0800339c                HAL_RCC_GetHCLKFreq
 .text.HAL_RCC_GetPCLK1Freq
                0x080033b0       0x44 CMakeFiles/NOSS.elf.dir/Drivers/STM32F3xx_HAL_Driver/Src/stm32f3xx_hal_rcc.c.obj
                0x080033b0                HAL_RCC_GetPCLK1Freq
 .text.HAL_RCC_GetPCLK2Freq
                0x080033f4       0x44 CMakeFiles/NOSS.elf.dir/Drivers/STM32F3xx_HAL_Driver/Src/stm32f3xx_hal_rcc.c.obj
                0x080033f4                HAL_RCC_GetPCLK2Freq
 .text.HAL_RCCEx_PeriphCLKConfig
                0x08003438      0x43c CMakeFiles/NOSS.elf.dir/Drivers/STM32F3xx_HAL_Driver/Src/stm32f3xx_hal_rcc_ex.c.obj
                0x08003438                HAL_RCCEx_PeriphCLKConfig
 .text.HAL_TIM_Base_Init
                0x08003874       0x56 CMakeFiles/NOSS.elf.dir/Drivers/STM32F3xx_HAL_Driver/Src/stm32f3xx_hal_tim.c.obj
                0x08003874                HAL_TIM_Base_Init
 *fill*         0x080038ca        0x2 
 .text.HAL_TIM_Base_Start
                0x080038cc       0x54 CMakeFiles/NOSS.elf.dir/Drivers/STM32F3xx_HAL_Driver/Src/stm32f3xx_hal_tim.c.obj
                0x080038cc                HAL_TIM_Base_Start
 .text.HAL_TIM_ConfigClockSource
                0x08003920      0x172 CMakeFiles/NOSS.elf.dir/Drivers/STM32F3xx_HAL_Driver/Src/stm32f3xx_hal_tim.c.obj
                0x08003920                HAL_TIM_ConfigClockSource
 *fill*         0x08003a92        0x2 
 .text.TIM_Base_SetConfig
                0x08003a94      0x138 CMakeFiles/NOSS.elf.dir/Drivers/STM32F3xx_HAL_Driver/Src/stm32f3xx_hal_tim.c.obj
                0x08003a94                TIM_Base_SetConfig
 .text.TIM_TI1_ConfigInputStage
                0x08003bcc       0x5c CMakeFiles/NOSS.elf.dir/Drivers/STM32F3xx_HAL_Driver/Src/stm32f3xx_hal_tim.c.obj
 .text.TIM_TI2_ConfigInputStage
                0x08003c28       0x5e CMakeFiles/NOSS.elf.dir/Drivers/STM32F3xx_HAL_Driver/Src/stm32f3xx_hal_tim.c.obj
 .text.TIM_ITRx_SetConfig
                0x08003c86       0x34 CMakeFiles/NOSS.elf.dir/Drivers/STM32F3xx_HAL_Driver/Src/stm32f3xx_hal_tim.c.obj
 .text.TIM_ETR_SetConfig
                0x08003cba       0x3e CMakeFiles/NOSS.elf.dir/Drivers/STM32F3xx_HAL_Driver/Src/stm32f3xx_hal_tim.c.obj
                0x08003cba                TIM_ETR_SetConfig
 .text.HAL_TIMEx_MasterConfigSynchronization
                0x08003cf8      0x118 CMakeFiles/NOSS.elf.dir/Drivers/STM32F3xx_HAL_Driver/Src/stm32f3xx_hal_tim_ex.c.obj
                0x08003cf8                HAL_TIMEx_MasterConfigSynchronization
 .text.HAL_UART_Init
                0x08003e10       0x9c CMakeFiles/NOSS.elf.dir/Drivers/STM32F3xx_HAL_Driver/Src/stm32f3xx_hal_uart.c.obj
                0x08003e10                HAL_UART_Init
 .text.HAL_UART_Transmit
                0x08003eac      0x126 CMakeFiles/NOSS.elf.dir/Drivers/STM32F3xx_HAL_Driver/Src/stm32f3xx_hal_uart.c.obj
                0x08003eac                HAL_UART_Transmit
 *fill*         0x08003fd2        0x2 
 .text.UART_SetConfig
                0x08003fd4      0x434 CMakeFiles/NOSS.elf.dir/Drivers/STM32F3xx_HAL_Driver/Src/stm32f3xx_hal_uart.c.obj
                0x08003fd4                UART_SetConfig
 .text.UART_AdvFeatureConfig
                0x08004408      0x142 CMakeFiles/NOSS.elf.dir/Drivers/STM32F3xx_HAL_Driver/Src/stm32f3xx_hal_uart.c.obj
                0x08004408                UART_AdvFeatureConfig
 .text.UART_CheckIdleState
                0x0800454a       0x8a CMakeFiles/NOSS.elf.dir/Drivers/STM32F3xx_HAL_Driver/Src/stm32f3xx_hal_uart.c.obj
                0x0800454a                UART_CheckIdleState
 .text.UART_WaitOnFlagUntilTimeout
                0x080045d4       0xf6 CMakeFiles/NOSS.elf.dir/Drivers/STM32F3xx_HAL_Driver/Src/stm32f3xx_hal_uart.c.obj
                0x080045d4                UART_WaitOnFlagUntilTimeout
 *fill*         0x080046ca        0x2 
 .text.MX_GPIO_Init
                0x080046cc       0xf8 CMakeFiles/NOSS.elf.dir/Src/gpio.c.obj
                0x080046cc                MX_GPIO_Init
 .text.MX_I2C1_Init
                0x080047c4       0x7c CMakeFiles/NOSS.elf.dir/Src/i2c.c.obj
                0x080047c4                MX_I2C1_Init
 .text.HAL_I2C_MspInit
                0x08004840       0x88 CMakeFiles/NOSS.elf.dir/Src/i2c.c.obj
                0x08004840                HAL_I2C_MspInit
 .text.delay    0x080048c8       0x30 CMakeFiles/NOSS.elf.dir/Src/main.c.obj
                0x080048c8                delay
 .text.stepper_set_rpm
                0x080048f8       0x22 CMakeFiles/NOSS.elf.dir/Src/main.c.obj
                0x080048f8                stepper_set_rpm
 *fill*         0x0800491a        0x2 
 .text.stepper_half_drive
                0x0800491c      0x194 CMakeFiles/NOSS.elf.dir/Src/main.c.obj
                0x0800491c                stepper_half_drive
 .text.stepper_step_angle
                0x08004ab0       0x90 CMakeFiles/NOSS.elf.dir/Src/main.c.obj
                0x08004ab0                stepper_step_angle
 .text.computePID
                0x08004b40      0x164 CMakeFiles/NOSS.elf.dir/Src/main.c.obj
                0x08004b40                computePID
 .text.main     0x08004ca4       0xd0 CMakeFiles/NOSS.elf.dir/Src/main.c.obj
                0x08004ca4                main
 .text.SystemClock_Config
                0x08004d74       0xc6 CMakeFiles/NOSS.elf.dir/Src/main.c.obj
                0x08004d74                SystemClock_Config
 .text.Error_Handler
                0x08004e3a       0x14 CMakeFiles/NOSS.elf.dir/Src/main.c.obj
                0x08004e3a                Error_Handler
 .text.MPU6050_Init
                0x08004e4e       0xbe CMakeFiles/NOSS.elf.dir/Src/mpu6050.c.obj
                0x08004e4e                MPU6050_Init
 *fill*         0x08004f0c        0x4 
 .text.MPU6050_Read_All
                0x08004f10      0x3b4 CMakeFiles/NOSS.elf.dir/Src/mpu6050.c.obj
                0x08004f10                MPU6050_Read_All
 .text.Kalman_getAngle
                0x080052c4      0x2b2 CMakeFiles/NOSS.elf.dir/Src/mpu6050.c.obj
                0x080052c4                Kalman_getAngle
 *fill*         0x08005576        0x2 
 .text.HAL_MspInit
                0x08005578       0x48 CMakeFiles/NOSS.elf.dir/Src/stm32f3xx_hal_msp.c.obj
                0x08005578                HAL_MspInit
 .text.NMI_Handler
                0x080055c0        0xc CMakeFiles/NOSS.elf.dir/Src/stm32f3xx_it.c.obj
                0x080055c0                NMI_Handler
 .text.HardFault_Handler
                0x080055cc        0x6 CMakeFiles/NOSS.elf.dir/Src/stm32f3xx_it.c.obj
                0x080055cc                HardFault_Handler
 .text.MemManage_Handler
                0x080055d2        0x6 CMakeFiles/NOSS.elf.dir/Src/stm32f3xx_it.c.obj
                0x080055d2                MemManage_Handler
 .text.BusFault_Handler
                0x080055d8        0x6 CMakeFiles/NOSS.elf.dir/Src/stm32f3xx_it.c.obj
                0x080055d8                BusFault_Handler
 .text.UsageFault_Handler
                0x080055de        0x6 CMakeFiles/NOSS.elf.dir/Src/stm32f3xx_it.c.obj
                0x080055de                UsageFault_Handler
 .text.SVC_Handler
                0x080055e4        0xc CMakeFiles/NOSS.elf.dir/Src/stm32f3xx_it.c.obj
                0x080055e4                SVC_Handler
 .text.DebugMon_Handler
                0x080055f0        0xc CMakeFiles/NOSS.elf.dir/Src/stm32f3xx_it.c.obj
                0x080055f0                DebugMon_Handler
 .text.PendSV_Handler
                0x080055fc        0xc CMakeFiles/NOSS.elf.dir/Src/stm32f3xx_it.c.obj
                0x080055fc                PendSV_Handler
 .text.SysTick_Handler
                0x08005608        0xc CMakeFiles/NOSS.elf.dir/Src/stm32f3xx_it.c.obj
                0x08005608                SysTick_Handler
 .text._sbrk    0x08005614       0x58 CMakeFiles/NOSS.elf.dir/Src/syscalls.c.obj
                0x08005614                _sbrk
 .text.SystemInit
                0x0800566c       0x18 CMakeFiles/NOSS.elf.dir/Src/system_stm32f3xx.c.obj
                0x0800566c                SystemInit
 .text.MX_TIM1_Init
                0x08005684       0xa8 CMakeFiles/NOSS.elf.dir/Src/tim.c.obj
                0x08005684                MX_TIM1_Init
 .text.HAL_TIM_Base_MspInit
                0x0800572c       0x3c CMakeFiles/NOSS.elf.dir/Src/tim.c.obj
                0x0800572c                HAL_TIM_Base_MspInit
 .text.MX_USART2_UART_Init
                0x08005768       0x60 CMakeFiles/NOSS.elf.dir/Src/usart.c.obj
                0x08005768                MX_USART2_UART_Init
 .text.HAL_UART_MspInit
                0x080057c8       0x84 CMakeFiles/NOSS.elf.dir/Src/usart.c.obj
                0x080057c8                HAL_UART_MspInit
 .text.Reset_Handler
                0x0800584c       0x50 CMakeFiles/NOSS.elf.dir/startup/startup_stm32f303xe.s.obj
                0x0800584c                Reset_Handler
 .text.Default_Handler
                0x0800589c        0x2 CMakeFiles/NOSS.elf.dir/startup/startup_stm32f303xe.s.obj
                0x0800589c                RTC_Alarm_IRQHandler
                0x0800589c                TIM8_TRG_COM_IRQHandler
                0x0800589c                TIM8_CC_IRQHandler
                0x0800589c                SPI4_IRQHandler
                0x0800589c                TIM1_CC_IRQHandler
                0x0800589c                USB_HP_IRQHandler
                0x0800589c                PVD_IRQHandler
                0x0800589c                TAMP_STAMP_IRQHandler
                0x0800589c                EXTI3_IRQHandler
                0x0800589c                I2C3_ER_IRQHandler
                0x0800589c                USB_HP_CAN_TX_IRQHandler
                0x0800589c                EXTI0_IRQHandler
                0x0800589c                I2C2_EV_IRQHandler
                0x0800589c                FPU_IRQHandler
                0x0800589c                TIM1_UP_TIM16_IRQHandler
                0x0800589c                ADC1_2_IRQHandler
                0x0800589c                SPI1_IRQHandler
                0x0800589c                CAN_SCE_IRQHandler
                0x0800589c                TIM6_DAC_IRQHandler
                0x0800589c                TIM8_UP_IRQHandler
                0x0800589c                DMA2_Channel2_IRQHandler
                0x0800589c                DMA1_Channel4_IRQHandler
                0x0800589c                TIM20_TRG_COM_IRQHandler
                0x0800589c                USART3_IRQHandler
                0x0800589c                DMA1_Channel7_IRQHandler
                0x0800589c                UART5_IRQHandler
                0x0800589c                ADC3_IRQHandler
                0x0800589c                TIM4_IRQHandler
                0x0800589c                CAN_RX1_IRQHandler
                0x0800589c                DMA2_Channel1_IRQHandler
                0x0800589c                I2C1_EV_IRQHandler
                0x0800589c                DMA1_Channel6_IRQHandler
                0x0800589c                UART4_IRQHandler
                0x0800589c                DMA2_Channel4_IRQHandler
                0x0800589c                TIM3_IRQHandler
                0x0800589c                RCC_IRQHandler
                0x0800589c                TIM20_UP_IRQHandler
                0x0800589c                DMA1_Channel1_IRQHandler
                0x0800589c                Default_Handler
                0x0800589c                USBWakeUp_RMP_IRQHandler
                0x0800589c                EXTI15_10_IRQHandler
                0x0800589c                TIM7_IRQHandler
                0x0800589c                I2C3_EV_IRQHandler
                0x0800589c                EXTI9_5_IRQHandler
                0x0800589c                RTC_WKUP_IRQHandler
                0x0800589c                SPI2_IRQHandler
                0x0800589c                USB_LP_CAN_RX0_IRQHandler
                0x0800589c                DMA2_Channel5_IRQHandler
                0x0800589c                DMA1_Channel5_IRQHandler
                0x0800589c                USB_LP_IRQHandler
                0x0800589c                EXTI4_IRQHandler
                0x0800589c                TIM1_TRG_COM_TIM17_IRQHandler
                0x0800589c                DMA1_Channel3_IRQHandler
                0x0800589c                ADC4_IRQHandler
                0x0800589c                WWDG_IRQHandler
                0x0800589c                TIM2_IRQHandler
                0x0800589c                COMP7_IRQHandler
                0x0800589c                COMP1_2_3_IRQHandler
                0x0800589c                EXTI1_IRQHandler
                0x0800589c                USART2_IRQHandler
                0x0800589c                COMP4_5_6_IRQHandler
                0x0800589c                TIM20_BRK_IRQHandler
                0x0800589c                I2C2_ER_IRQHandler
                0x0800589c                DMA1_Channel2_IRQHandler
                0x0800589c                TIM8_BRK_IRQHandler
                0x0800589c                FLASH_IRQHandler
                0x0800589c                TIM20_CC_IRQHandler
                0x0800589c                USART1_IRQHandler
                0x0800589c                SPI3_IRQHandler
                0x0800589c                I2C1_ER_IRQHandler
                0x0800589c                FMC_IRQHandler
                0x0800589c                USBWakeUp_IRQHandler
                0x0800589c                DMA2_Channel3_IRQHandler
                0x0800589c                EXTI2_TSC_IRQHandler
                0x0800589c                TIM1_BRK_TIM15_IRQHandler
 *fill*         0x0800589e        0x2 
 .text.__errno  0x080058a0        0xc c:/progra~2/gnutoo~1/82019-~1/bin/../lib/gcc/arm-none-eabi/8.3.1/../../../../arm-none-eabi/lib/thumb/v7e-m/nofp\libg_nano.a(lib_a-errno.o)
                0x080058a0                __errno
 .text.__libc_init_array
                0x080058ac       0x48 c:/progra~2/gnutoo~1/82019-~1/bin/../lib/gcc/arm-none-eabi/8.3.1/../../../../arm-none-eabi/lib/thumb/v7e-m/nofp\libg_nano.a(lib_a-init.o)
                0x080058ac                __libc_init_array
 .text.memset   0x080058f4       0x10 c:/progra~2/gnutoo~1/82019-~1/bin/../lib/gcc/arm-none-eabi/8.3.1/../../../../arm-none-eabi/lib/thumb/v7e-m/nofp\libg_nano.a(lib_a-memset.o)
                0x080058f4                memset
 .text.sprintf  0x08005904       0x40 c:/progra~2/gnutoo~1/82019-~1/bin/../lib/gcc/arm-none-eabi/8.3.1/../../../../arm-none-eabi/lib/thumb/v7e-m/nofp\libg_nano.a(lib_a-sprintf.o)
                0x08005904                siprintf
                0x08005904                sprintf
 .text.__ssputs_r
                0x08005944       0xb6 c:/progra~2/gnutoo~1/82019-~1/bin/../lib/gcc/arm-none-eabi/8.3.1/../../../../arm-none-eabi/lib/thumb/v7e-m/nofp\libg_nano.a(lib_a-nano-svfprintf.o)
                0x08005944                __ssputs_r
 *fill*         0x080059fa        0x2 
 .text._svfprintf_r
                0x080059fc      0x1f0 c:/progra~2/gnutoo~1/82019-~1/bin/../lib/gcc/arm-none-eabi/8.3.1/../../../../arm-none-eabi/lib/thumb/v7e-m/nofp\libg_nano.a(lib_a-nano-svfprintf.o)
                0x080059fc                _svfiprintf_r
                0x080059fc                _svfprintf_r
 .text._printf_common
                0x08005bec       0xea c:/progra~2/gnutoo~1/82019-~1/bin/../lib/gcc/arm-none-eabi/8.3.1/../../../../arm-none-eabi/lib/thumb/v7e-m/nofp\libg_nano.a(lib_a-nano-vfprintf_i.o)
                0x08005bec                _printf_common
 *fill*         0x08005cd6        0x2 
 .text._printf_i
                0x08005cd8      0x228 c:/progra~2/gnutoo~1/82019-~1/bin/../lib/gcc/arm-none-eabi/8.3.1/../../../../arm-none-eabi/lib/thumb/v7e-m/nofp\libg_nano.a(lib_a-nano-vfprintf_i.o)
                0x08005cd8                _printf_i
 .text.memcpy   0x08005f00       0x1c c:/progra~2/gnutoo~1/82019-~1/bin/../lib/gcc/arm-none-eabi/8.3.1/../../../../arm-none-eabi/lib/thumb/v7e-m/nofp\libg_nano.a(lib_a-memcpy-stub.o)
                0x08005f00                memcpy
 .text.memmove  0x08005f1c       0x34 c:/progra~2/gnutoo~1/82019-~1/bin/../lib/gcc/arm-none-eabi/8.3.1/../../../../arm-none-eabi/lib/thumb/v7e-m/nofp\libg_nano.a(lib_a-memmove.o)
                0x08005f1c                memmove
 .text._free_r  0x08005f50       0x9c c:/progra~2/gnutoo~1/82019-~1/bin/../lib/gcc/arm-none-eabi/8.3.1/../../../../arm-none-eabi/lib/thumb/v7e-m/nofp\libg_nano.a(lib_a-nano-freer.o)
                0x08005f50                _free_r
 .text._malloc_r
                0x08005fec       0xb4 c:/progra~2/gnutoo~1/82019-~1/bin/../lib/gcc/arm-none-eabi/8.3.1/../../../../arm-none-eabi/lib/thumb/v7e-m/nofp\libg_nano.a(lib_a-nano-mallocr.o)
                0x08005fec                _malloc_r
 .text._realloc_r
                0x080060a0       0x4c c:/progra~2/gnutoo~1/82019-~1/bin/../lib/gcc/arm-none-eabi/8.3.1/../../../../arm-none-eabi/lib/thumb/v7e-m/nofp\libg_nano.a(lib_a-nano-reallocr.o)
                0x080060a0                _realloc_r
 .text._sbrk_r  0x080060ec       0x20 c:/progra~2/gnutoo~1/82019-~1/bin/../lib/gcc/arm-none-eabi/8.3.1/../../../../arm-none-eabi/lib/thumb/v7e-m/nofp\libg_nano.a(lib_a-sbrkr.o)
                0x080060ec                _sbrk_r
 .text.__malloc_lock
                0x0800610c        0xc c:/progra~2/gnutoo~1/82019-~1/bin/../lib/gcc/arm-none-eabi/8.3.1/../../../../arm-none-eabi/lib/thumb/v7e-m/nofp\libg_nano.a(lib_a-mlock.o)
                0x0800610c                __malloc_lock
 .text.__malloc_unlock
                0x08006118        0xc c:/progra~2/gnutoo~1/82019-~1/bin/../lib/gcc/arm-none-eabi/8.3.1/../../../../arm-none-eabi/lib/thumb/v7e-m/nofp\libg_nano.a(lib_a-mlock.o)
                0x08006118                __malloc_unlock
 .text._malloc_usable_size_r
                0x08006124       0x10 c:/progra~2/gnutoo~1/82019-~1/bin/../lib/gcc/arm-none-eabi/8.3.1/../../../../arm-none-eabi/lib/thumb/v7e-m/nofp\libg_nano.a(lib_a-nano-msizer.o)
                0x08006124                _malloc_usable_size_r
 .text.__retarget_lock_acquire_recursive
                0x08006134        0x2 c:/progra~2/gnutoo~1/82019-~1/bin/../lib/gcc/arm-none-eabi/8.3.1/../../../../arm-none-eabi/lib/thumb/v7e-m/nofp\libg_nano.a(lib_a-lock.o)
                0x08006134                __retarget_lock_acquire_recursive
 .text.__retarget_lock_release_recursive
                0x08006136        0x2 c:/progra~2/gnutoo~1/82019-~1/bin/../lib/gcc/arm-none-eabi/8.3.1/../../../../arm-none-eabi/lib/thumb/v7e-m/nofp\libg_nano.a(lib_a-lock.o)
                0x08006136                __retarget_lock_release_recursive
 .text.atan     0x08006138      0x314 c:/progra~2/gnutoo~1/82019-~1/bin/../lib/gcc/arm-none-eabi/8.3.1/../../../../arm-none-eabi/lib/thumb/v7e-m/nofp\libm.a(lib_a-s_atan.o)
                0x08006138                atan
 .text.fabs     0x0800644c        0x8 c:/progra~2/gnutoo~1/82019-~1/bin/../lib/gcc/arm-none-eabi/8.3.1/../../../../arm-none-eabi/lib/thumb/v7e-m/nofp\libm.a(lib_a-s_fabs.o)
                0x0800644c                fabs
 .text.atan2    0x08006454        0x4 c:/progra~2/gnutoo~1/82019-~1/bin/../lib/gcc/arm-none-eabi/8.3.1/../../../../arm-none-eabi/lib/thumb/v7e-m/nofp\libm.a(lib_a-w_atan2.o)
                0x08006454                atan2
 .text.sqrt     0x08006458       0x5c c:/progra~2/gnutoo~1/82019-~1/bin/../lib/gcc/arm-none-eabi/8.3.1/../../../../arm-none-eabi/lib/thumb/v7e-m/nofp\libm.a(lib_a-w_sqrt.o)
                0x08006458                sqrt
 *fill*         0x080064b4        0x4 
 .text.__ieee754_atan2
                0x080064b8      0x1b4 c:/progra~2/gnutoo~1/82019-~1/bin/../lib/gcc/arm-none-eabi/8.3.1/../../../../arm-none-eabi/lib/thumb/v7e-m/nofp\libm.a(lib_a-e_atan2.o)
                0x080064b8                __ieee754_atan2
 .text.__ieee754_sqrt
                0x0800666c      0x17c c:/progra~2/gnutoo~1/82019-~1/bin/../lib/gcc/arm-none-eabi/8.3.1/../../../../arm-none-eabi/lib/thumb/v7e-m/nofp\libm.a(lib_a-e_sqrt.o)
                0x0800666c                __ieee754_sqrt
 *(.glue_7)
 .glue_7        0x080067e8        0x0 linker stubs
 *(.glue_7t)
 .glue_7t       0x080067e8        0x0 linker stubs
 *(.eh_frame)
 .eh_frame      0x080067e8        0x0 c:/progra~2/gnutoo~1/82019-~1/bin/../lib/gcc/arm-none-eabi/8.3.1/thumb/v7e-m/nofp/crtbegin.o
 *(.init)
 .init          0x080067e8        0x4 c:/progra~2/gnutoo~1/82019-~1/bin/../lib/gcc/arm-none-eabi/8.3.1/thumb/v7e-m/nofp/crti.o
                0x080067e8                _init
 .init          0x080067ec        0x8 c:/progra~2/gnutoo~1/82019-~1/bin/../lib/gcc/arm-none-eabi/8.3.1/thumb/v7e-m/nofp/crtn.o
 *(.fini)
 .fini          0x080067f4        0x4 c:/progra~2/gnutoo~1/82019-~1/bin/../lib/gcc/arm-none-eabi/8.3.1/thumb/v7e-m/nofp/crti.o
                0x080067f4                _fini
 .fini          0x080067f8        0x8 c:/progra~2/gnutoo~1/82019-~1/bin/../lib/gcc/arm-none-eabi/8.3.1/thumb/v7e-m/nofp/crtn.o
                0x08006800                . = ALIGN (0x4)
                0x08006800                _etext = .

.vfp11_veneer   0x08006800        0x0
 .vfp11_veneer  0x08006800        0x0 linker stubs

.v4_bx          0x08006800        0x0
 .v4_bx         0x08006800        0x0 linker stubs

.iplt           0x08006800        0x0
 .iplt          0x08006800        0x0 c:/progra~2/gnutoo~1/82019-~1/bin/../lib/gcc/arm-none-eabi/8.3.1/thumb/v7e-m/nofp/crtbegin.o

.rodata         0x08006800       0xc0
                0x08006800                . = ALIGN (0x4)
 *(.rodata)
 .rodata        0x08006800       0x11 CMakeFiles/NOSS.elf.dir/Src/main.c.obj
 *(.rodata*)
 *fill*         0x08006811        0x3 
 .rodata.aPLLMULFactorTable
                0x08006814       0x10 CMakeFiles/NOSS.elf.dir/Drivers/STM32F3xx_HAL_Driver/Src/stm32f3xx_hal_rcc.c.obj
                0x08006814                aPLLMULFactorTable
 .rodata.aPredivFactorTable
                0x08006824       0x10 CMakeFiles/NOSS.elf.dir/Drivers/STM32F3xx_HAL_Driver/Src/stm32f3xx_hal_rcc.c.obj
                0x08006824                aPredivFactorTable
 .rodata.AHBPrescTable
                0x08006834       0x10 CMakeFiles/NOSS.elf.dir/Src/system_stm32f3xx.c.obj
                0x08006834                AHBPrescTable
 .rodata.APBPrescTable
                0x08006844        0x8 CMakeFiles/NOSS.elf.dir/Src/system_stm32f3xx.c.obj
                0x08006844                APBPrescTable
 .rodata._svfprintf_r.str1.1
                0x0800684c       0x11 c:/progra~2/gnutoo~1/82019-~1/bin/../lib/gcc/arm-none-eabi/8.3.1/../../../../arm-none-eabi/lib/thumb/v7e-m/nofp\libg_nano.a(lib_a-nano-svfprintf.o)
 .rodata._printf_i.str1.1
                0x0800685d       0x22 c:/progra~2/gnutoo~1/82019-~1/bin/../lib/gcc/arm-none-eabi/8.3.1/../../../../arm-none-eabi/lib/thumb/v7e-m/nofp\libg_nano.a(lib_a-nano-vfprintf_i.o)
 *fill*         0x0800687f        0x1 
 .rodata.atanhi
                0x08006880       0x20 c:/progra~2/gnutoo~1/82019-~1/bin/../lib/gcc/arm-none-eabi/8.3.1/../../../../arm-none-eabi/lib/thumb/v7e-m/nofp\libm.a(lib_a-s_atan.o)
 .rodata.atanlo
                0x080068a0       0x20 c:/progra~2/gnutoo~1/82019-~1/bin/../lib/gcc/arm-none-eabi/8.3.1/../../../../arm-none-eabi/lib/thumb/v7e-m/nofp\libm.a(lib_a-s_atan.o)
                0x080068c0                . = ALIGN (0x4)

.rel.dyn        0x080068c0        0x0
 .rel.iplt      0x080068c0        0x0 c:/progra~2/gnutoo~1/82019-~1/bin/../lib/gcc/arm-none-eabi/8.3.1/thumb/v7e-m/nofp/crtbegin.o

.ARM.extab
 *(.ARM.extab* .gnu.linkonce.armextab.*)

.ARM            0x080068c0        0x0
                0x080068c0                __exidx_start = .
 *(.ARM.exidx*)
                0x080068c0                __exidx_end = .

.preinit_array  0x080068c0        0x0
                0x080068c0                PROVIDE (__preinit_array_start = .)
 *(.preinit_array*)
                0x080068c0                PROVIDE (__preinit_array_end = .)

.init_array     0x080068c0        0x4
                0x080068c0                PROVIDE (__init_array_start = .)
 *(SORT_BY_NAME(.init_array.*))
 *(.init_array*)
 .init_array    0x080068c0        0x4 c:/progra~2/gnutoo~1/82019-~1/bin/../lib/gcc/arm-none-eabi/8.3.1/thumb/v7e-m/nofp/crtbegin.o
                0x080068c4                PROVIDE (__init_array_end = .)

.fini_array     0x080068c4        0x4
                [!provide]                PROVIDE (__fini_array_start = .)
 *(SORT_BY_NAME(.fini_array.*))
 *(.fini_array*)
 .fini_array    0x080068c4        0x4 c:/progra~2/gnutoo~1/82019-~1/bin/../lib/gcc/arm-none-eabi/8.3.1/thumb/v7e-m/nofp/crtbegin.o
                [!provide]                PROVIDE (__fini_array_end = .)
                0x080068c8                _sidata = LOADADDR (.data)

.data           0x20000000      0x11c load address 0x080068c8
                0x20000000                . = ALIGN (0x4)
                0x20000000                _sdata = .
 *(.data)
 *(.data*)
 .data.uwTickPrio
                0x20000000        0x4 CMakeFiles/NOSS.elf.dir/Drivers/STM32F3xx_HAL_Driver/Src/stm32f3xx_hal.c.obj
                0x20000000                uwTickPrio
 .data.uwTickFreq
                0x20000004        0x1 CMakeFiles/NOSS.elf.dir/Drivers/STM32F3xx_HAL_Driver/Src/stm32f3xx_hal.c.obj
                0x20000004                uwTickFreq
 *fill*         0x20000005        0x3 
 .data.pidMin   0x20000008        0x4 CMakeFiles/NOSS.elf.dir/Src/main.c.obj
                0x20000008                pidMin
 .data.pidMax   0x2000000c        0x4 CMakeFiles/NOSS.elf.dir/Src/main.c.obj
                0x2000000c                pidMax
 .data.Kp       0x20000010        0x4 CMakeFiles/NOSS.elf.dir/Src/main.c.obj
                0x20000010                Kp
 .data.Ki       0x20000014        0x4 CMakeFiles/NOSS.elf.dir/Src/main.c.obj
                0x20000014                Ki
 .data._dt_s    0x20000018        0x4 CMakeFiles/NOSS.elf.dir/Src/main.c.obj
                0x20000018                _dt_s
 *fill*         0x2000001c        0x4 
 .data.KalmanX  0x20000020       0x48 CMakeFiles/NOSS.elf.dir/Src/mpu6050.c.obj
                0x20000020                KalmanX
 .data.KalmanY  0x20000068       0x48 CMakeFiles/NOSS.elf.dir/Src/mpu6050.c.obj
                0x20000068                KalmanY
 .data.SystemCoreClock
                0x200000b0        0x4 CMakeFiles/NOSS.elf.dir/Src/system_stm32f3xx.c.obj
                0x200000b0                SystemCoreClock
 .data._impure_ptr
                0x200000b4        0x4 c:/progra~2/gnutoo~1/82019-~1/bin/../lib/gcc/arm-none-eabi/8.3.1/../../../../arm-none-eabi/lib/thumb/v7e-m/nofp\libg_nano.a(lib_a-impure.o)
                0x200000b4                _impure_ptr
 .data.impure_data
                0x200000b8       0x60 c:/progra~2/gnutoo~1/82019-~1/bin/../lib/gcc/arm-none-eabi/8.3.1/../../../../arm-none-eabi/lib/thumb/v7e-m/nofp\libg_nano.a(lib_a-impure.o)
 .data.__fdlib_version
                0x20000118        0x1 c:/progra~2/gnutoo~1/82019-~1/bin/../lib/gcc/arm-none-eabi/8.3.1/../../../../arm-none-eabi/lib/thumb/v7e-m/nofp\libm.a(lib_a-s_lib_ver.o)
                0x20000118                __fdlib_version
                0x2000011c                . = ALIGN (0x4)
 *fill*         0x20000119        0x3 
                0x2000011c                _edata = .
                0x080069e4                _siccmram = LOADADDR (.ccmram)

.igot.plt       0x2000011c        0x0 load address 0x080069e4
 .igot.plt      0x2000011c        0x0 c:/progra~2/gnutoo~1/82019-~1/bin/../lib/gcc/arm-none-eabi/8.3.1/thumb/v7e-m/nofp/crtbegin.o

.ccmram         0x10000000        0x0 load address 0x080069e4
                0x10000000                . = ALIGN (0x4)
                0x10000000                _sccmram = .
 *(.ccmram)
 *(.ccmram*)
                0x10000000                . = ALIGN (0x4)
                0x10000000                _eccmram = .
                0x10000000                . = ALIGN (0x4)

.bss            0x20000120      0x1c0
                0x20000120                _sbss = .
                0x20000120                __bss_start__ = _sbss
 *(.bss)
 .bss           0x20000120       0x1c c:/progra~2/gnutoo~1/82019-~1/bin/../lib/gcc/arm-none-eabi/8.3.1/thumb/v7e-m/nofp/crtbegin.o
 *(.bss*)
 .bss.uwTick    0x2000013c        0x4 CMakeFiles/NOSS.elf.dir/Drivers/STM32F3xx_HAL_Driver/Src/stm32f3xx_hal.c.obj
                0x2000013c                uwTick
 .bss.hi2c1     0x20000140       0x4c CMakeFiles/NOSS.elf.dir/Src/i2c.c.obj
                0x20000140                hi2c1
 *fill*         0x2000018c        0x4 
 .bss.MPU6050   0x20000190       0x58 CMakeFiles/NOSS.elf.dir/Src/main.c.obj
                0x20000190                MPU6050
 .bss.setpoint  0x200001e8        0x4 CMakeFiles/NOSS.elf.dir/Src/main.c.obj
                0x200001e8                setpoint
 .bss.input     0x200001ec        0x4 CMakeFiles/NOSS.elf.dir/Src/main.c.obj
                0x200001ec                input
 .bss.output    0x200001f0        0x4 CMakeFiles/NOSS.elf.dir/Src/main.c.obj
                0x200001f0                output
 .bss.Kd        0x200001f4        0x4 CMakeFiles/NOSS.elf.dir/Src/main.c.obj
                0x200001f4                Kd
 .bss.prevInput
                0x200001f8        0x4 CMakeFiles/NOSS.elf.dir/Src/main.c.obj
                0x200001f8                prevInput
 .bss.integral  0x200001fc        0x4 CMakeFiles/NOSS.elf.dir/Src/main.c.obj
                0x200001fc                integral
 .bss.timer     0x20000200        0x4 CMakeFiles/NOSS.elf.dir/Src/mpu6050.c.obj
                0x20000200                timer
 .bss.heap_end.6069
                0x20000204        0x4 CMakeFiles/NOSS.elf.dir/Src/syscalls.c.obj
 .bss.htim1     0x20000208       0x40 CMakeFiles/NOSS.elf.dir/Src/tim.c.obj
                0x20000208                htim1
 .bss.huart2    0x20000248       0x80 CMakeFiles/NOSS.elf.dir/Src/usart.c.obj
                0x20000248                huart2
 .bss.__malloc_free_list
                0x200002c8        0x4 c:/progra~2/gnutoo~1/82019-~1/bin/../lib/gcc/arm-none-eabi/8.3.1/../../../../arm-none-eabi/lib/thumb/v7e-m/nofp\libg_nano.a(lib_a-nano-mallocr.o)
                0x200002c8                __malloc_free_list
 .bss.__malloc_sbrk_start
                0x200002cc        0x4 c:/progra~2/gnutoo~1/82019-~1/bin/../lib/gcc/arm-none-eabi/8.3.1/../../../../arm-none-eabi/lib/thumb/v7e-m/nofp\libg_nano.a(lib_a-nano-mallocr.o)
                0x200002cc                __malloc_sbrk_start
 *(COMMON)
 COMMON         0x200002d0        0x4 c:/progra~2/gnutoo~1/82019-~1/bin/../lib/gcc/arm-none-eabi/8.3.1/../../../../arm-none-eabi/lib/thumb/v7e-m/nofp\libg_nano.a(lib_a-reent.o)
                0x200002d0                errno
 COMMON         0x200002d4        0x9 c:/progra~2/gnutoo~1/82019-~1/bin/../lib/gcc/arm-none-eabi/8.3.1/../../../../arm-none-eabi/lib/thumb/v7e-m/nofp\libg_nano.a(lib_a-lock.o)
                0x200002d4                __lock___atexit_recursive_mutex
                0x200002d5                __lock___arc4random_mutex
                0x200002d6                __lock___env_recursive_mutex
                0x200002d7                __lock___sinit_recursive_mutex
                0x200002d8                __lock___malloc_recursive_mutex
                0x200002d9                __lock___at_quick_exit_mutex
                0x200002da                __lock___dd_hash_mutex
                0x200002db                __lock___tz_mutex
                0x200002dc                __lock___sfp_recursive_mutex
                0x200002e0                . = ALIGN (0x4)
 *fill*         0x200002dd        0x3 
                0x200002e0                _ebss = .
                0x200002e0                __bss_end__ = _ebss

._user_heap_stack
                0x200002e0      0x600
                0x200002e0                . = ALIGN (0x8)
                0x200002e0                PROVIDE (end = .)
                [!provide]                PROVIDE (_end = .)
                0x200004e0                . = (. + _Min_Heap_Size)
 *fill*         0x200002e0      0x200 
                0x200008e0                . = (. + _Min_Stack_Size)
 *fill*         0x200004e0      0x400 
                0x200008e0                . = ALIGN (0x8)

/DISCARD/
 libc.a(*)
 libm.a(*)
 libgcc.a(*)

.ARM.attributes
                0x00000000       0x2a
 *(.ARM.attributes)
 .ARM.attributes
                0x00000000       0x1e c:/progra~2/gnutoo~1/82019-~1/bin/../lib/gcc/arm-none-eabi/8.3.1/thumb/v7e-m/nofp/crti.o
 .ARM.attributes
                0x0000001e       0x2e c:/progra~2/gnutoo~1/82019-~1/bin/../lib/gcc/arm-none-eabi/8.3.1/thumb/v7e-m/nofp/crtbegin.o
 .ARM.attributes
                0x0000004c       0x2e CMakeFiles/NOSS.elf.dir/Drivers/STM32F3xx_HAL_Driver/Src/stm32f3xx_hal.c.obj
 .ARM.attributes
                0x0000007a       0x2e CMakeFiles/NOSS.elf.dir/Drivers/STM32F3xx_HAL_Driver/Src/stm32f3xx_hal_cortex.c.obj
 .ARM.attributes
                0x000000a8       0x2e CMakeFiles/NOSS.elf.dir/Drivers/STM32F3xx_HAL_Driver/Src/stm32f3xx_hal_gpio.c.obj
 .ARM.attributes
                0x000000d6       0x2e CMakeFiles/NOSS.elf.dir/Drivers/STM32F3xx_HAL_Driver/Src/stm32f3xx_hal_i2c.c.obj
 .ARM.attributes
                0x00000104       0x2e CMakeFiles/NOSS.elf.dir/Drivers/STM32F3xx_HAL_Driver/Src/stm32f3xx_hal_i2c_ex.c.obj
 .ARM.attributes
                0x00000132       0x2e CMakeFiles/NOSS.elf.dir/Drivers/STM32F3xx_HAL_Driver/Src/stm32f3xx_hal_rcc.c.obj
 .ARM.attributes
                0x00000160       0x2e CMakeFiles/NOSS.elf.dir/Drivers/STM32F3xx_HAL_Driver/Src/stm32f3xx_hal_rcc_ex.c.obj
 .ARM.attributes
                0x0000018e       0x2e CMakeFiles/NOSS.elf.dir/Drivers/STM32F3xx_HAL_Driver/Src/stm32f3xx_hal_tim.c.obj
 .ARM.attributes
                0x000001bc       0x2e CMakeFiles/NOSS.elf.dir/Drivers/STM32F3xx_HAL_Driver/Src/stm32f3xx_hal_tim_ex.c.obj
 .ARM.attributes
                0x000001ea       0x2e CMakeFiles/NOSS.elf.dir/Drivers/STM32F3xx_HAL_Driver/Src/stm32f3xx_hal_uart.c.obj
 .ARM.attributes
                0x00000218       0x2e CMakeFiles/NOSS.elf.dir/Src/gpio.c.obj
 .ARM.attributes
                0x00000246       0x2e CMakeFiles/NOSS.elf.dir/Src/i2c.c.obj
 .ARM.attributes
                0x00000274       0x2e CMakeFiles/NOSS.elf.dir/Src/main.c.obj
 .ARM.attributes
                0x000002a2       0x2e CMakeFiles/NOSS.elf.dir/Src/mpu6050.c.obj
 .ARM.attributes
                0x000002d0       0x2e CMakeFiles/NOSS.elf.dir/Src/stm32f3xx_hal_msp.c.obj
 .ARM.attributes
                0x000002fe       0x2e CMakeFiles/NOSS.elf.dir/Src/stm32f3xx_it.c.obj
 .ARM.attributes
                0x0000032c       0x2e CMakeFiles/NOSS.elf.dir/Src/syscalls.c.obj
 .ARM.attributes
                0x0000035a       0x2e CMakeFiles/NOSS.elf.dir/Src/system_stm32f3xx.c.obj
 .ARM.attributes
                0x00000388       0x2e CMakeFiles/NOSS.elf.dir/Src/tim.c.obj
 .ARM.attributes
                0x000003b6       0x2e CMakeFiles/NOSS.elf.dir/Src/usart.c.obj
 .ARM.attributes
                0x000003e4       0x21 CMakeFiles/NOSS.elf.dir/startup/startup_stm32f303xe.s.obj
 .ARM.attributes
                0x00000405       0x1e c:/progra~2/gnutoo~1/82019-~1/bin/../lib/gcc/arm-none-eabi/8.3.1/thumb/v7e-m/nofp\libgcc.a(_arm_addsubdf3.o)
 .ARM.attributes
                0x00000423       0x1e c:/progra~2/gnutoo~1/82019-~1/bin/../lib/gcc/arm-none-eabi/8.3.1/thumb/v7e-m/nofp\libgcc.a(_arm_muldivdf3.o)
 .ARM.attributes
                0x00000441       0x1e c:/progra~2/gnutoo~1/82019-~1/bin/../lib/gcc/arm-none-eabi/8.3.1/thumb/v7e-m/nofp\libgcc.a(_arm_cmpdf2.o)
 .ARM.attributes
                0x0000045f       0x1e c:/progra~2/gnutoo~1/82019-~1/bin/../lib/gcc/arm-none-eabi/8.3.1/thumb/v7e-m/nofp\libgcc.a(_arm_fixdfsi.o)
 .ARM.attributes
                0x0000047d       0x1e c:/progra~2/gnutoo~1/82019-~1/bin/../lib/gcc/arm-none-eabi/8.3.1/thumb/v7e-m/nofp\libgcc.a(_arm_addsubsf3.o)
 .ARM.attributes
                0x0000049b       0x1e c:/progra~2/gnutoo~1/82019-~1/bin/../lib/gcc/arm-none-eabi/8.3.1/thumb/v7e-m/nofp\libgcc.a(_arm_muldivsf3.o)
 .ARM.attributes
                0x000004b9       0x1e c:/progra~2/gnutoo~1/82019-~1/bin/../lib/gcc/arm-none-eabi/8.3.1/thumb/v7e-m/nofp\libgcc.a(_arm_fixsfsi.o)
 .ARM.attributes
                0x000004d7       0x2e c:/progra~2/gnutoo~1/82019-~1/bin/../lib/gcc/arm-none-eabi/8.3.1/../../../../arm-none-eabi/lib/thumb/v7e-m/nofp\libg_nano.a(lib_a-errno.o)
 .ARM.attributes
                0x00000505       0x2e c:/progra~2/gnutoo~1/82019-~1/bin/../lib/gcc/arm-none-eabi/8.3.1/../../../../arm-none-eabi/lib/thumb/v7e-m/nofp\libg_nano.a(lib_a-impure.o)
 .ARM.attributes
                0x00000533       0x2e c:/progra~2/gnutoo~1/82019-~1/bin/../lib/gcc/arm-none-eabi/8.3.1/../../../../arm-none-eabi/lib/thumb/v7e-m/nofp\libg_nano.a(lib_a-init.o)
 .ARM.attributes
                0x00000561       0x2e c:/progra~2/gnutoo~1/82019-~1/bin/../lib/gcc/arm-none-eabi/8.3.1/../../../../arm-none-eabi/lib/thumb/v7e-m/nofp\libg_nano.a(lib_a-memset.o)
 .ARM.attributes
                0x0000058f       0x2e c:/progra~2/gnutoo~1/82019-~1/bin/../lib/gcc/arm-none-eabi/8.3.1/../../../../arm-none-eabi/lib/thumb/v7e-m/nofp\libg_nano.a(lib_a-sprintf.o)
 .ARM.attributes
                0x000005bd       0x2e c:/progra~2/gnutoo~1/82019-~1/bin/../lib/gcc/arm-none-eabi/8.3.1/../../../../arm-none-eabi/lib/thumb/v7e-m/nofp\libg_nano.a(lib_a-nano-svfprintf.o)
 .ARM.attributes
                0x000005eb       0x2e c:/progra~2/gnutoo~1/82019-~1/bin/../lib/gcc/arm-none-eabi/8.3.1/../../../../arm-none-eabi/lib/thumb/v7e-m/nofp\libg_nano.a(lib_a-nano-vfprintf_i.o)
 .ARM.attributes
                0x00000619       0x1c c:/progra~2/gnutoo~1/82019-~1/bin/../lib/gcc/arm-none-eabi/8.3.1/../../../../arm-none-eabi/lib/thumb/v7e-m/nofp\libg_nano.a(lib_a-memchr.o)
 .ARM.attributes
                0x00000635       0x2e c:/progra~2/gnutoo~1/82019-~1/bin/../lib/gcc/arm-none-eabi/8.3.1/../../../../arm-none-eabi/lib/thumb/v7e-m/nofp\libg_nano.a(lib_a-memcpy-stub.o)
 .ARM.attributes
                0x00000663       0x2e c:/progra~2/gnutoo~1/82019-~1/bin/../lib/gcc/arm-none-eabi/8.3.1/../../../../arm-none-eabi/lib/thumb/v7e-m/nofp\libg_nano.a(lib_a-memmove.o)
 .ARM.attributes
                0x00000691       0x2e c:/progra~2/gnutoo~1/82019-~1/bin/../lib/gcc/arm-none-eabi/8.3.1/../../../../arm-none-eabi/lib/thumb/v7e-m/nofp\libg_nano.a(lib_a-nano-freer.o)
 .ARM.attributes
                0x000006bf       0x2e c:/progra~2/gnutoo~1/82019-~1/bin/../lib/gcc/arm-none-eabi/8.3.1/../../../../arm-none-eabi/lib/thumb/v7e-m/nofp\libg_nano.a(lib_a-nano-mallocr.o)
 .ARM.attributes
                0x000006ed       0x2e c:/progra~2/gnutoo~1/82019-~1/bin/../lib/gcc/arm-none-eabi/8.3.1/../../../../arm-none-eabi/lib/thumb/v7e-m/nofp\libg_nano.a(lib_a-nano-reallocr.o)
 .ARM.attributes
                0x0000071b       0x2e c:/progra~2/gnutoo~1/82019-~1/bin/../lib/gcc/arm-none-eabi/8.3.1/../../../../arm-none-eabi/lib/thumb/v7e-m/nofp\libg_nano.a(lib_a-sbrkr.o)
 .ARM.attributes
                0x00000749       0x2e c:/progra~2/gnutoo~1/82019-~1/bin/../lib/gcc/arm-none-eabi/8.3.1/../../../../arm-none-eabi/lib/thumb/v7e-m/nofp\libg_nano.a(lib_a-mlock.o)
 .ARM.attributes
                0x00000777       0x2e c:/progra~2/gnutoo~1/82019-~1/bin/../lib/gcc/arm-none-eabi/8.3.1/../../../../arm-none-eabi/lib/thumb/v7e-m/nofp\libg_nano.a(lib_a-nano-msizer.o)
 .ARM.attributes
                0x000007a5       0x2e c:/progra~2/gnutoo~1/82019-~1/bin/../lib/gcc/arm-none-eabi/8.3.1/../../../../arm-none-eabi/lib/thumb/v7e-m/nofp\libg_nano.a(lib_a-reent.o)
 .ARM.attributes
                0x000007d3       0x2e c:/progra~2/gnutoo~1/82019-~1/bin/../lib/gcc/arm-none-eabi/8.3.1/../../../../arm-none-eabi/lib/thumb/v7e-m/nofp\libg_nano.a(lib_a-lock.o)
 .ARM.attributes
                0x00000801       0x1e c:/progra~2/gnutoo~1/82019-~1/bin/../lib/gcc/arm-none-eabi/8.3.1/thumb/v7e-m/nofp/crtn.o
OUTPUT(NOSS.elf elf32-littlearm)

.debug_info     0x00000000    0x128c6
 .debug_info    0x00000000      0x862 CMakeFiles/NOSS.elf.dir/Drivers/STM32F3xx_HAL_Driver/Src/stm32f3xx_hal.c.obj
 .debug_info    0x00000862      0xe69 CMakeFiles/NOSS.elf.dir/Drivers/STM32F3xx_HAL_Driver/Src/stm32f3xx_hal_cortex.c.obj
 .debug_info    0x000016cb      0x822 CMakeFiles/NOSS.elf.dir/Drivers/STM32F3xx_HAL_Driver/Src/stm32f3xx_hal_gpio.c.obj
 .debug_info    0x00001eed     0x2131 CMakeFiles/NOSS.elf.dir/Drivers/STM32F3xx_HAL_Driver/Src/stm32f3xx_hal_i2c.c.obj
 .debug_info    0x0000401e      0xa21 CMakeFiles/NOSS.elf.dir/Drivers/STM32F3xx_HAL_Driver/Src/stm32f3xx_hal_i2c_ex.c.obj
 .debug_info    0x00004a3f     0x18ef CMakeFiles/NOSS.elf.dir/Drivers/STM32F3xx_HAL_Driver/Src/stm32f3xx_hal_rcc.c.obj
 .debug_info    0x0000632e      0x765 CMakeFiles/NOSS.elf.dir/Drivers/STM32F3xx_HAL_Driver/Src/stm32f3xx_hal_rcc_ex.c.obj
 .debug_info    0x00006a93     0x2879 CMakeFiles/NOSS.elf.dir/Drivers/STM32F3xx_HAL_Driver/Src/stm32f3xx_hal_tim.c.obj
 .debug_info    0x0000930c     0x12db CMakeFiles/NOSS.elf.dir/Drivers/STM32F3xx_HAL_Driver/Src/stm32f3xx_hal_tim_ex.c.obj
 .debug_info    0x0000a5e7     0x16cc CMakeFiles/NOSS.elf.dir/Drivers/STM32F3xx_HAL_Driver/Src/stm32f3xx_hal_uart.c.obj
 .debug_info    0x0000bcb3      0x41a CMakeFiles/NOSS.elf.dir/Src/gpio.c.obj
 .debug_info    0x0000c0cd      0x970 CMakeFiles/NOSS.elf.dir/Src/i2c.c.obj
 .debug_info    0x0000ca3d     0x1dcb CMakeFiles/NOSS.elf.dir/Src/main.c.obj
 .debug_info    0x0000e808     0x1502 CMakeFiles/NOSS.elf.dir/Src/mpu6050.c.obj
 .debug_info    0x0000fd0a      0x28e CMakeFiles/NOSS.elf.dir/Src/stm32f3xx_hal_msp.c.obj
 .debug_info    0x0000ff98      0x21a CMakeFiles/NOSS.elf.dir/Src/stm32f3xx_it.c.obj
 .debug_info    0x000101b2     0x100f CMakeFiles/NOSS.elf.dir/Src/syscalls.c.obj
 .debug_info    0x000111c1      0x48f CMakeFiles/NOSS.elf.dir/Src/system_stm32f3xx.c.obj
 .debug_info    0x00011650      0x8ac CMakeFiles/NOSS.elf.dir/Src/tim.c.obj
 .debug_info    0x00011efc      0x9a8 CMakeFiles/NOSS.elf.dir/Src/usart.c.obj
 .debug_info    0x000128a4       0x22 CMakeFiles/NOSS.elf.dir/startup/startup_stm32f303xe.s.obj

.debug_abbrev   0x00000000     0x28db
 .debug_abbrev  0x00000000      0x1ea CMakeFiles/NOSS.elf.dir/Drivers/STM32F3xx_HAL_Driver/Src/stm32f3xx_hal.c.obj
 .debug_abbrev  0x000001ea      0x339 CMakeFiles/NOSS.elf.dir/Drivers/STM32F3xx_HAL_Driver/Src/stm32f3xx_hal_cortex.c.obj
 .debug_abbrev  0x00000523      0x1e5 CMakeFiles/NOSS.elf.dir/Drivers/STM32F3xx_HAL_Driver/Src/stm32f3xx_hal_gpio.c.obj
 .debug_abbrev  0x00000708      0x253 CMakeFiles/NOSS.elf.dir/Drivers/STM32F3xx_HAL_Driver/Src/stm32f3xx_hal_i2c.c.obj
 .debug_abbrev  0x0000095b      0x1da CMakeFiles/NOSS.elf.dir/Drivers/STM32F3xx_HAL_Driver/Src/stm32f3xx_hal_i2c_ex.c.obj
 .debug_abbrev  0x00000b35      0x2c1 CMakeFiles/NOSS.elf.dir/Drivers/STM32F3xx_HAL_Driver/Src/stm32f3xx_hal_rcc.c.obj
 .debug_abbrev  0x00000df6      0x244 CMakeFiles/NOSS.elf.dir/Drivers/STM32F3xx_HAL_Driver/Src/stm32f3xx_hal_rcc_ex.c.obj
 .debug_abbrev  0x0000103a      0x25b CMakeFiles/NOSS.elf.dir/Drivers/STM32F3xx_HAL_Driver/Src/stm32f3xx_hal_tim.c.obj
 .debug_abbrev  0x00001295      0x249 CMakeFiles/NOSS.elf.dir/Drivers/STM32F3xx_HAL_Driver/Src/stm32f3xx_hal_tim_ex.c.obj
 .debug_abbrev  0x000014de      0x22c CMakeFiles/NOSS.elf.dir/Drivers/STM32F3xx_HAL_Driver/Src/stm32f3xx_hal_uart.c.obj
 .debug_abbrev  0x0000170a      0x14b CMakeFiles/NOSS.elf.dir/Src/gpio.c.obj
 .debug_abbrev  0x00001855      0x1c3 CMakeFiles/NOSS.elf.dir/Src/i2c.c.obj
 .debug_abbrev  0x00001a18      0x302 CMakeFiles/NOSS.elf.dir/Src/main.c.obj
 .debug_abbrev  0x00001d1a      0x274 CMakeFiles/NOSS.elf.dir/Src/mpu6050.c.obj
 .debug_abbrev  0x00001f8e      0x11a CMakeFiles/NOSS.elf.dir/Src/stm32f3xx_hal_msp.c.obj
 .debug_abbrev  0x000020a8       0xcf CMakeFiles/NOSS.elf.dir/Src/stm32f3xx_it.c.obj
 .debug_abbrev  0x00002177      0x2a9 CMakeFiles/NOSS.elf.dir/Src/syscalls.c.obj
 .debug_abbrev  0x00002420      0x142 CMakeFiles/NOSS.elf.dir/Src/system_stm32f3xx.c.obj
 .debug_abbrev  0x00002562      0x1af CMakeFiles/NOSS.elf.dir/Src/tim.c.obj
 .debug_abbrev  0x00002711      0x1b8 CMakeFiles/NOSS.elf.dir/Src/usart.c.obj
 .debug_abbrev  0x000028c9       0x12 CMakeFiles/NOSS.elf.dir/startup/startup_stm32f303xe.s.obj

.debug_aranges  0x00000000      0xfe8
 .debug_aranges
                0x00000000       0xe0 CMakeFiles/NOSS.elf.dir/Drivers/STM32F3xx_HAL_Driver/Src/stm32f3xx_hal.c.obj
 .debug_aranges
                0x000000e0      0x118 CMakeFiles/NOSS.elf.dir/Drivers/STM32F3xx_HAL_Driver/Src/stm32f3xx_hal_cortex.c.obj
 .debug_aranges
                0x000001f8       0x58 CMakeFiles/NOSS.elf.dir/Drivers/STM32F3xx_HAL_Driver/Src/stm32f3xx_hal_gpio.c.obj
 .debug_aranges
                0x00000250      0x288 CMakeFiles/NOSS.elf.dir/Drivers/STM32F3xx_HAL_Driver/Src/stm32f3xx_hal_i2c.c.obj
 .debug_aranges
                0x000004d8       0x48 CMakeFiles/NOSS.elf.dir/Drivers/STM32F3xx_HAL_Driver/Src/stm32f3xx_hal_i2c_ex.c.obj
 .debug_aranges
                0x00000520       0x88 CMakeFiles/NOSS.elf.dir/Drivers/STM32F3xx_HAL_Driver/Src/stm32f3xx_hal_rcc.c.obj
 .debug_aranges
                0x000005a8       0x38 CMakeFiles/NOSS.elf.dir/Drivers/STM32F3xx_HAL_Driver/Src/stm32f3xx_hal_rcc_ex.c.obj
 .debug_aranges
                0x000005e0      0x3c8 CMakeFiles/NOSS.elf.dir/Drivers/STM32F3xx_HAL_Driver/Src/stm32f3xx_hal_tim.c.obj
 .debug_aranges
                0x000009a8      0x160 CMakeFiles/NOSS.elf.dir/Drivers/STM32F3xx_HAL_Driver/Src/stm32f3xx_hal_tim_ex.c.obj
 .debug_aranges
                0x00000b08      0x210 CMakeFiles/NOSS.elf.dir/Drivers/STM32F3xx_HAL_Driver/Src/stm32f3xx_hal_uart.c.obj
 .debug_aranges
                0x00000d18       0x20 CMakeFiles/NOSS.elf.dir/Src/gpio.c.obj
 .debug_aranges
                0x00000d38       0x30 CMakeFiles/NOSS.elf.dir/Src/i2c.c.obj
 .debug_aranges
                0x00000d68       0x58 CMakeFiles/NOSS.elf.dir/Src/main.c.obj
 .debug_aranges
                0x00000dc0       0x48 CMakeFiles/NOSS.elf.dir/Src/mpu6050.c.obj
 .debug_aranges
                0x00000e08       0x20 CMakeFiles/NOSS.elf.dir/Src/stm32f3xx_hal_msp.c.obj
 .debug_aranges
                0x00000e28       0x60 CMakeFiles/NOSS.elf.dir/Src/stm32f3xx_it.c.obj
 .debug_aranges
                0x00000e88       0xb0 CMakeFiles/NOSS.elf.dir/Src/syscalls.c.obj
 .debug_aranges
                0x00000f38       0x28 CMakeFiles/NOSS.elf.dir/Src/system_stm32f3xx.c.obj
 .debug_aranges
                0x00000f60       0x30 CMakeFiles/NOSS.elf.dir/Src/tim.c.obj
 .debug_aranges
                0x00000f90       0x30 CMakeFiles/NOSS.elf.dir/Src/usart.c.obj
 .debug_aranges
                0x00000fc0       0x28 CMakeFiles/NOSS.elf.dir/startup/startup_stm32f303xe.s.obj

.debug_ranges   0x00000000      0xea0
 .debug_ranges  0x00000000       0xd0 CMakeFiles/NOSS.elf.dir/Drivers/STM32F3xx_HAL_Driver/Src/stm32f3xx_hal.c.obj
 .debug_ranges  0x000000d0      0x108 CMakeFiles/NOSS.elf.dir/Drivers/STM32F3xx_HAL_Driver/Src/stm32f3xx_hal_cortex.c.obj
 .debug_ranges  0x000001d8       0x48 CMakeFiles/NOSS.elf.dir/Drivers/STM32F3xx_HAL_Driver/Src/stm32f3xx_hal_gpio.c.obj
 .debug_ranges  0x00000220      0x278 CMakeFiles/NOSS.elf.dir/Drivers/STM32F3xx_HAL_Driver/Src/stm32f3xx_hal_i2c.c.obj
 .debug_ranges  0x00000498       0x38 CMakeFiles/NOSS.elf.dir/Drivers/STM32F3xx_HAL_Driver/Src/stm32f3xx_hal_i2c_ex.c.obj
 .debug_ranges  0x000004d0       0x78 CMakeFiles/NOSS.elf.dir/Drivers/STM32F3xx_HAL_Driver/Src/stm32f3xx_hal_rcc.c.obj
 .debug_ranges  0x00000548       0x28 CMakeFiles/NOSS.elf.dir/Drivers/STM32F3xx_HAL_Driver/Src/stm32f3xx_hal_rcc_ex.c.obj
 .debug_ranges  0x00000570      0x3b8 CMakeFiles/NOSS.elf.dir/Drivers/STM32F3xx_HAL_Driver/Src/stm32f3xx_hal_tim.c.obj
 .debug_ranges  0x00000928      0x150 CMakeFiles/NOSS.elf.dir/Drivers/STM32F3xx_HAL_Driver/Src/stm32f3xx_hal_tim_ex.c.obj
 .debug_ranges  0x00000a78      0x200 CMakeFiles/NOSS.elf.dir/Drivers/STM32F3xx_HAL_Driver/Src/stm32f3xx_hal_uart.c.obj
 .debug_ranges  0x00000c78       0x10 CMakeFiles/NOSS.elf.dir/Src/gpio.c.obj
 .debug_ranges  0x00000c88       0x20 CMakeFiles/NOSS.elf.dir/Src/i2c.c.obj
 .debug_ranges  0x00000ca8       0x48 CMakeFiles/NOSS.elf.dir/Src/main.c.obj
 .debug_ranges  0x00000cf0       0x38 CMakeFiles/NOSS.elf.dir/Src/mpu6050.c.obj
 .debug_ranges  0x00000d28       0x10 CMakeFiles/NOSS.elf.dir/Src/stm32f3xx_hal_msp.c.obj
 .debug_ranges  0x00000d38       0x50 CMakeFiles/NOSS.elf.dir/Src/stm32f3xx_it.c.obj
 .debug_ranges  0x00000d88       0xa0 CMakeFiles/NOSS.elf.dir/Src/syscalls.c.obj
 .debug_ranges  0x00000e28       0x18 CMakeFiles/NOSS.elf.dir/Src/system_stm32f3xx.c.obj
 .debug_ranges  0x00000e40       0x20 CMakeFiles/NOSS.elf.dir/Src/tim.c.obj
 .debug_ranges  0x00000e60       0x20 CMakeFiles/NOSS.elf.dir/Src/usart.c.obj
 .debug_ranges  0x00000e80       0x20 CMakeFiles/NOSS.elf.dir/startup/startup_stm32f303xe.s.obj

.debug_line     0x00000000     0xd0c2
 .debug_line    0x00000000      0x4e8 CMakeFiles/NOSS.elf.dir/Drivers/STM32F3xx_HAL_Driver/Src/stm32f3xx_hal.c.obj
 .debug_line    0x000004e8      0x7c2 CMakeFiles/NOSS.elf.dir/Drivers/STM32F3xx_HAL_Driver/Src/stm32f3xx_hal_cortex.c.obj
 .debug_line    0x00000caa      0x699 CMakeFiles/NOSS.elf.dir/Drivers/STM32F3xx_HAL_Driver/Src/stm32f3xx_hal_gpio.c.obj
 .debug_line    0x00001343     0x2d1f CMakeFiles/NOSS.elf.dir/Drivers/STM32F3xx_HAL_Driver/Src/stm32f3xx_hal_i2c.c.obj
 .debug_line    0x00004062      0x488 CMakeFiles/NOSS.elf.dir/Drivers/STM32F3xx_HAL_Driver/Src/stm32f3xx_hal_i2c_ex.c.obj
 .debug_line    0x000044ea      0xf26 CMakeFiles/NOSS.elf.dir/Drivers/STM32F3xx_HAL_Driver/Src/stm32f3xx_hal_rcc.c.obj
 .debug_line    0x00005410      0xa8b CMakeFiles/NOSS.elf.dir/Drivers/STM32F3xx_HAL_Driver/Src/stm32f3xx_hal_rcc_ex.c.obj
 .debug_line    0x00005e9b     0x28f9 CMakeFiles/NOSS.elf.dir/Drivers/STM32F3xx_HAL_Driver/Src/stm32f3xx_hal_tim.c.obj
 .debug_line    0x00008794      0xe22 CMakeFiles/NOSS.elf.dir/Drivers/STM32F3xx_HAL_Driver/Src/stm32f3xx_hal_tim_ex.c.obj
 .debug_line    0x000095b6     0x1701 CMakeFiles/NOSS.elf.dir/Drivers/STM32F3xx_HAL_Driver/Src/stm32f3xx_hal_uart.c.obj
 .debug_line    0x0000acb7      0x24c CMakeFiles/NOSS.elf.dir/Src/gpio.c.obj
 .debug_line    0x0000af03      0x312 CMakeFiles/NOSS.elf.dir/Src/i2c.c.obj
 .debug_line    0x0000b215      0x5d0 CMakeFiles/NOSS.elf.dir/Src/main.c.obj
 .debug_line    0x0000b7e5      0x6b1 CMakeFiles/NOSS.elf.dir/Src/mpu6050.c.obj
 .debug_line    0x0000be96      0x218 CMakeFiles/NOSS.elf.dir/Src/stm32f3xx_hal_msp.c.obj
 .debug_line    0x0000c0ae      0x2b0 CMakeFiles/NOSS.elf.dir/Src/stm32f3xx_it.c.obj
 .debug_line    0x0000c35e      0x42f CMakeFiles/NOSS.elf.dir/Src/syscalls.c.obj
 .debug_line    0x0000c78d      0x2a1 CMakeFiles/NOSS.elf.dir/Src/system_stm32f3xx.c.obj
 .debug_line    0x0000ca2e      0x2ef CMakeFiles/NOSS.elf.dir/Src/tim.c.obj
 .debug_line    0x0000cd1d      0x308 CMakeFiles/NOSS.elf.dir/Src/usart.c.obj
 .debug_line    0x0000d025       0x9d CMakeFiles/NOSS.elf.dir/startup/startup_stm32f303xe.s.obj

.debug_str      0x00000000     0x51d2
 .debug_str     0x00000000      0x9f8 CMakeFiles/NOSS.elf.dir/Drivers/STM32F3xx_HAL_Driver/Src/stm32f3xx_hal.c.obj
                                0xa61 (size before relaxing)
 .debug_str     0x000009f8      0x538 CMakeFiles/NOSS.elf.dir/Drivers/STM32F3xx_HAL_Driver/Src/stm32f3xx_hal_cortex.c.obj
                                0xccd (size before relaxing)
 .debug_str     0x00000f30      0x267 CMakeFiles/NOSS.elf.dir/Drivers/STM32F3xx_HAL_Driver/Src/stm32f3xx_hal_gpio.c.obj
                                0x5c9 (size before relaxing)
 .debug_str     0x00001197      0xca9 CMakeFiles/NOSS.elf.dir/Drivers/STM32F3xx_HAL_Driver/Src/stm32f3xx_hal_i2c.c.obj
                               0x1024 (size before relaxing)
 .debug_str     0x00001e40      0x112 CMakeFiles/NOSS.elf.dir/Drivers/STM32F3xx_HAL_Driver/Src/stm32f3xx_hal_i2c_ex.c.obj
                                0x97b (size before relaxing)
 .debug_str     0x00001f52      0x343 CMakeFiles/NOSS.elf.dir/Drivers/STM32F3xx_HAL_Driver/Src/stm32f3xx_hal_rcc.c.obj
                                0x732 (size before relaxing)
 .debug_str     0x00002295      0x2d8 CMakeFiles/NOSS.elf.dir/Drivers/STM32F3xx_HAL_Driver/Src/stm32f3xx_hal_rcc_ex.c.obj
                                0x674 (size before relaxing)
 .debug_str     0x0000256d     0x1090 CMakeFiles/NOSS.elf.dir/Drivers/STM32F3xx_HAL_Driver/Src/stm32f3xx_hal_tim.c.obj
                               0x15b9 (size before relaxing)
 .debug_str     0x000035fd      0x60f CMakeFiles/NOSS.elf.dir/Drivers/STM32F3xx_HAL_Driver/Src/stm32f3xx_hal_tim_ex.c.obj
                                0xdc0 (size before relaxing)
 .debug_str     0x00003c0c      0x8f6 CMakeFiles/NOSS.elf.dir/Drivers/STM32F3xx_HAL_Driver/Src/stm32f3xx_hal_uart.c.obj
                                0xe8d (size before relaxing)
 .debug_str     0x00004502       0x4a CMakeFiles/NOSS.elf.dir/Src/gpio.c.obj
                                0x3ba (size before relaxing)
 .debug_str     0x0000454c       0x49 CMakeFiles/NOSS.elf.dir/Src/i2c.c.obj
                                0x874 (size before relaxing)
 .debug_str     0x00004595      0x5fd CMakeFiles/NOSS.elf.dir/Src/main.c.obj
                               0x14f9 (size before relaxing)
 .debug_str     0x00004b92      0x18c CMakeFiles/NOSS.elf.dir/Src/mpu6050.c.obj
                                0xdee (size before relaxing)
 .debug_str     0x00004d1e       0x3a CMakeFiles/NOSS.elf.dir/Src/stm32f3xx_hal_msp.c.obj
                                0x329 (size before relaxing)
 .debug_str     0x00004d58       0xc5 CMakeFiles/NOSS.elf.dir/Src/stm32f3xx_it.c.obj
                                0x34e (size before relaxing)
 .debug_str     0x00004e1d      0x263 CMakeFiles/NOSS.elf.dir/Src/syscalls.c.obj
                                0x888 (size before relaxing)
 .debug_str     0x00005080       0x6f CMakeFiles/NOSS.elf.dir/Src/system_stm32f3xx.c.obj
                                0x3b3 (size before relaxing)
 .debug_str     0x000050ef       0x48 CMakeFiles/NOSS.elf.dir/Src/tim.c.obj
                                0x835 (size before relaxing)
 .debug_str     0x00005137       0x4d CMakeFiles/NOSS.elf.dir/Src/usart.c.obj
                                0x7c4 (size before relaxing)
 .debug_str     0x00005184       0x4e CMakeFiles/NOSS.elf.dir/startup/startup_stm32f303xe.s.obj
                                 0x82 (size before relaxing)

.comment        0x00000000       0x76
 .comment       0x00000000       0x76 CMakeFiles/NOSS.elf.dir/Drivers/STM32F3xx_HAL_Driver/Src/stm32f3xx_hal.c.obj
                                 0x77 (size before relaxing)
 .comment       0x00000076       0x77 CMakeFiles/NOSS.elf.dir/Drivers/STM32F3xx_HAL_Driver/Src/stm32f3xx_hal_cortex.c.obj
 .comment       0x00000076       0x77 CMakeFiles/NOSS.elf.dir/Drivers/STM32F3xx_HAL_Driver/Src/stm32f3xx_hal_gpio.c.obj
 .comment       0x00000076       0x77 CMakeFiles/NOSS.elf.dir/Drivers/STM32F3xx_HAL_Driver/Src/stm32f3xx_hal_i2c.c.obj
 .comment       0x00000076       0x77 CMakeFiles/NOSS.elf.dir/Drivers/STM32F3xx_HAL_Driver/Src/stm32f3xx_hal_i2c_ex.c.obj
 .comment       0x00000076       0x77 CMakeFiles/NOSS.elf.dir/Drivers/STM32F3xx_HAL_Driver/Src/stm32f3xx_hal_rcc.c.obj
 .comment       0x00000076       0x77 CMakeFiles/NOSS.elf.dir/Drivers/STM32F3xx_HAL_Driver/Src/stm32f3xx_hal_rcc_ex.c.obj
 .comment       0x00000076       0x77 CMakeFiles/NOSS.elf.dir/Drivers/STM32F3xx_HAL_Driver/Src/stm32f3xx_hal_tim.c.obj
 .comment       0x00000076       0x77 CMakeFiles/NOSS.elf.dir/Drivers/STM32F3xx_HAL_Driver/Src/stm32f3xx_hal_tim_ex.c.obj
 .comment       0x00000076       0x77 CMakeFiles/NOSS.elf.dir/Drivers/STM32F3xx_HAL_Driver/Src/stm32f3xx_hal_uart.c.obj
 .comment       0x00000076       0x77 CMakeFiles/NOSS.elf.dir/Src/gpio.c.obj
 .comment       0x00000076       0x77 CMakeFiles/NOSS.elf.dir/Src/i2c.c.obj
 .comment       0x00000076       0x77 CMakeFiles/NOSS.elf.dir/Src/main.c.obj
 .comment       0x00000076       0x77 CMakeFiles/NOSS.elf.dir/Src/mpu6050.c.obj
 .comment       0x00000076       0x77 CMakeFiles/NOSS.elf.dir/Src/stm32f3xx_hal_msp.c.obj
 .comment       0x00000076       0x77 CMakeFiles/NOSS.elf.dir/Src/stm32f3xx_it.c.obj
 .comment       0x00000076       0x77 CMakeFiles/NOSS.elf.dir/Src/syscalls.c.obj
 .comment       0x00000076       0x77 CMakeFiles/NOSS.elf.dir/Src/system_stm32f3xx.c.obj
 .comment       0x00000076       0x77 CMakeFiles/NOSS.elf.dir/Src/tim.c.obj
 .comment       0x00000076       0x77 CMakeFiles/NOSS.elf.dir/Src/usart.c.obj

.debug_frame    0x00000000     0x48c0
 .debug_frame   0x00000000      0x334 CMakeFiles/NOSS.elf.dir/Drivers/STM32F3xx_HAL_Driver/Src/stm32f3xx_hal.c.obj
 .debug_frame   0x00000334      0x498 CMakeFiles/NOSS.elf.dir/Drivers/STM32F3xx_HAL_Driver/Src/stm32f3xx_hal_cortex.c.obj
 .debug_frame   0x000007cc      0x14c CMakeFiles/NOSS.elf.dir/Drivers/STM32F3xx_HAL_Driver/Src/stm32f3xx_hal_gpio.c.obj
 .debug_frame   0x00000918      0xbbc CMakeFiles/NOSS.elf.dir/Drivers/STM32F3xx_HAL_Driver/Src/stm32f3xx_hal_i2c.c.obj
 .debug_frame   0x000014d4      0x100 CMakeFiles/NOSS.elf.dir/Drivers/STM32F3xx_HAL_Driver/Src/stm32f3xx_hal_i2c_ex.c.obj
 .debug_frame   0x000015d4      0x214 CMakeFiles/NOSS.elf.dir/Drivers/STM32F3xx_HAL_Driver/Src/stm32f3xx_hal_rcc.c.obj
 .debug_frame   0x000017e8       0xb4 CMakeFiles/NOSS.elf.dir/Drivers/STM32F3xx_HAL_Driver/Src/stm32f3xx_hal_rcc_ex.c.obj
 .debug_frame   0x0000189c     0x1190 CMakeFiles/NOSS.elf.dir/Drivers/STM32F3xx_HAL_Driver/Src/stm32f3xx_hal_tim.c.obj
 .debug_frame   0x00002a2c      0x610 CMakeFiles/NOSS.elf.dir/Drivers/STM32F3xx_HAL_Driver/Src/stm32f3xx_hal_tim_ex.c.obj
 .debug_frame   0x0000303c      0x970 CMakeFiles/NOSS.elf.dir/Drivers/STM32F3xx_HAL_Driver/Src/stm32f3xx_hal_uart.c.obj
 .debug_frame   0x000039ac       0x34 CMakeFiles/NOSS.elf.dir/Src/gpio.c.obj
 .debug_frame   0x000039e0       0x74 CMakeFiles/NOSS.elf.dir/Src/i2c.c.obj
 .debug_frame   0x00003a54      0x130 CMakeFiles/NOSS.elf.dir/Src/main.c.obj
 .debug_frame   0x00003b84      0x10c CMakeFiles/NOSS.elf.dir/Src/mpu6050.c.obj
 .debug_frame   0x00003c90       0x34 CMakeFiles/NOSS.elf.dir/Src/stm32f3xx_hal_msp.c.obj
 .debug_frame   0x00003cc4      0x10c CMakeFiles/NOSS.elf.dir/Src/stm32f3xx_it.c.obj
 .debug_frame   0x00003dd0      0x2d0 CMakeFiles/NOSS.elf.dir/Src/syscalls.c.obj
 .debug_frame   0x000040a0       0x58 CMakeFiles/NOSS.elf.dir/Src/system_stm32f3xx.c.obj
 .debug_frame   0x000040f8       0x84 CMakeFiles/NOSS.elf.dir/Src/tim.c.obj
 .debug_frame   0x0000417c       0x74 CMakeFiles/NOSS.elf.dir/Src/usart.c.obj
 .debug_frame   0x000041f0       0xac c:/progra~2/gnutoo~1/82019-~1/bin/../lib/gcc/arm-none-eabi/8.3.1/thumb/v7e-m/nofp\libgcc.a(_arm_addsubdf3.o)
 .debug_frame   0x0000429c       0x50 c:/progra~2/gnutoo~1/82019-~1/bin/../lib/gcc/arm-none-eabi/8.3.1/thumb/v7e-m/nofp\libgcc.a(_arm_muldivdf3.o)
 .debug_frame   0x000042ec       0xc4 c:/progra~2/gnutoo~1/82019-~1/bin/../lib/gcc/arm-none-eabi/8.3.1/thumb/v7e-m/nofp\libgcc.a(_arm_cmpdf2.o)
 .debug_frame   0x000043b0       0x24 c:/progra~2/gnutoo~1/82019-~1/bin/../lib/gcc/arm-none-eabi/8.3.1/thumb/v7e-m/nofp\libgcc.a(_arm_fixdfsi.o)
 .debug_frame   0x000043d4       0x4c c:/progra~2/gnutoo~1/82019-~1/bin/../lib/gcc/arm-none-eabi/8.3.1/thumb/v7e-m/nofp\libgcc.a(_arm_addsubsf3.o)
 .debug_frame   0x00004420       0x38 c:/progra~2/gnutoo~1/82019-~1/bin/../lib/gcc/arm-none-eabi/8.3.1/thumb/v7e-m/nofp\libgcc.a(_arm_muldivsf3.o)
 .debug_frame   0x00004458       0x24 c:/progra~2/gnutoo~1/82019-~1/bin/../lib/gcc/arm-none-eabi/8.3.1/thumb/v7e-m/nofp\libgcc.a(_arm_fixsfsi.o)
 .debug_frame   0x0000447c       0x20 c:/progra~2/gnutoo~1/82019-~1/bin/../lib/gcc/arm-none-eabi/8.3.1/../../../../arm-none-eabi/lib/thumb/v7e-m/nofp\libg_nano.a(lib_a-errno.o)
 .debug_frame   0x0000449c       0x2c c:/progra~2/gnutoo~1/82019-~1/bin/../lib/gcc/arm-none-eabi/8.3.1/../../../../arm-none-eabi/lib/thumb/v7e-m/nofp\libg_nano.a(lib_a-init.o)
 .debug_frame   0x000044c8       0x20 c:/progra~2/gnutoo~1/82019-~1/bin/../lib/gcc/arm-none-eabi/8.3.1/../../../../arm-none-eabi/lib/thumb/v7e-m/nofp\libg_nano.a(lib_a-memset.o)
 .debug_frame   0x000044e8       0x6c c:/progra~2/gnutoo~1/82019-~1/bin/../lib/gcc/arm-none-eabi/8.3.1/../../../../arm-none-eabi/lib/thumb/v7e-m/nofp\libg_nano.a(lib_a-sprintf.o)
 .debug_frame   0x00004554       0x90 c:/progra~2/gnutoo~1/82019-~1/bin/../lib/gcc/arm-none-eabi/8.3.1/../../../../arm-none-eabi/lib/thumb/v7e-m/nofp\libg_nano.a(lib_a-nano-svfprintf.o)
 .debug_frame   0x000045e4       0x60 c:/progra~2/gnutoo~1/82019-~1/bin/../lib/gcc/arm-none-eabi/8.3.1/../../../../arm-none-eabi/lib/thumb/v7e-m/nofp\libg_nano.a(lib_a-nano-vfprintf_i.o)
 .debug_frame   0x00004644       0x28 c:/progra~2/gnutoo~1/82019-~1/bin/../lib/gcc/arm-none-eabi/8.3.1/../../../../arm-none-eabi/lib/thumb/v7e-m/nofp\libg_nano.a(lib_a-memcpy-stub.o)
 .debug_frame   0x0000466c       0x28 c:/progra~2/gnutoo~1/82019-~1/bin/../lib/gcc/arm-none-eabi/8.3.1/../../../../arm-none-eabi/lib/thumb/v7e-m/nofp\libg_nano.a(lib_a-memmove.o)
 .debug_frame   0x00004694       0x38 c:/progra~2/gnutoo~1/82019-~1/bin/../lib/gcc/arm-none-eabi/8.3.1/../../../../arm-none-eabi/lib/thumb/v7e-m/nofp\libg_nano.a(lib_a-nano-freer.o)
 .debug_frame   0x000046cc       0x30 c:/progra~2/gnutoo~1/82019-~1/bin/../lib/gcc/arm-none-eabi/8.3.1/../../../../arm-none-eabi/lib/thumb/v7e-m/nofp\libg_nano.a(lib_a-nano-mallocr.o)
 .debug_frame   0x000046fc       0x3c c:/progra~2/gnutoo~1/82019-~1/bin/../lib/gcc/arm-none-eabi/8.3.1/../../../../arm-none-eabi/lib/thumb/v7e-m/nofp\libg_nano.a(lib_a-nano-reallocr.o)
 .debug_frame   0x00004738       0x2c c:/progra~2/gnutoo~1/82019-~1/bin/../lib/gcc/arm-none-eabi/8.3.1/../../../../arm-none-eabi/lib/thumb/v7e-m/nofp\libg_nano.a(lib_a-sbrkr.o)
 .debug_frame   0x00004764       0x30 c:/progra~2/gnutoo~1/82019-~1/bin/../lib/gcc/arm-none-eabi/8.3.1/../../../../arm-none-eabi/lib/thumb/v7e-m/nofp\libg_nano.a(lib_a-mlock.o)
 .debug_frame   0x00004794       0x20 c:/progra~2/gnutoo~1/82019-~1/bin/../lib/gcc/arm-none-eabi/8.3.1/../../../../arm-none-eabi/lib/thumb/v7e-m/nofp\libg_nano.a(lib_a-nano-msizer.o)
 .debug_frame   0x000047b4       0x5c c:/progra~2/gnutoo~1/82019-~1/bin/../lib/gcc/arm-none-eabi/8.3.1/../../../../arm-none-eabi/lib/thumb/v7e-m/nofp\libg_nano.a(lib_a-reent.o)
 .debug_frame   0x00004810       0xb0 c:/progra~2/gnutoo~1/82019-~1/bin/../lib/gcc/arm-none-eabi/8.3.1/../../../../arm-none-eabi/lib/thumb/v7e-m/nofp\libg_nano.a(lib_a-lock.o)
